Archive member included to satisfy reference by file (symbol)

/usr/lib/gcc/arm-none-eabi/12.1.0/../../../../arm-none-eabi/lib/thumb/v7e-m+dp/hard/libc_nano.a(lib_a-atexit.o)
                              /usr/lib/gcc/arm-none-eabi/12.1.0/../../../../arm-none-eabi/lib/thumb/v7e-m+dp/hard/crt0.o (atexit)
/usr/lib/gcc/arm-none-eabi/12.1.0/../../../../arm-none-eabi/lib/thumb/v7e-m+dp/hard/libc_nano.a(lib_a-exit.o)
                              /usr/lib/gcc/arm-none-eabi/12.1.0/../../../../arm-none-eabi/lib/thumb/v7e-m+dp/hard/crt0.o (exit)
/usr/lib/gcc/arm-none-eabi/12.1.0/../../../../arm-none-eabi/lib/thumb/v7e-m+dp/hard/libc_nano.a(lib_a-fini.o)
                              /usr/lib/gcc/arm-none-eabi/12.1.0/../../../../arm-none-eabi/lib/thumb/v7e-m+dp/hard/crt0.o (__libc_fini_array)
/usr/lib/gcc/arm-none-eabi/12.1.0/../../../../arm-none-eabi/lib/thumb/v7e-m+dp/hard/libc_nano.a(lib_a-impure.o)
                              /usr/lib/gcc/arm-none-eabi/12.1.0/../../../../arm-none-eabi/lib/thumb/v7e-m+dp/hard/libc_nano.a(lib_a-exit.o) (_global_impure_ptr)
/usr/lib/gcc/arm-none-eabi/12.1.0/../../../../arm-none-eabi/lib/thumb/v7e-m+dp/hard/libc_nano.a(lib_a-init.o)
                              /usr/lib/gcc/arm-none-eabi/12.1.0/../../../../arm-none-eabi/lib/thumb/v7e-m+dp/hard/crt0.o (__libc_init_array)
/usr/lib/gcc/arm-none-eabi/12.1.0/../../../../arm-none-eabi/lib/thumb/v7e-m+dp/hard/libc_nano.a(lib_a-memset.o)
                              /usr/lib/gcc/arm-none-eabi/12.1.0/../../../../arm-none-eabi/lib/thumb/v7e-m+dp/hard/crt0.o (memset)
/usr/lib/gcc/arm-none-eabi/12.1.0/../../../../arm-none-eabi/lib/thumb/v7e-m+dp/hard/libc_nano.a(lib_a-__atexit.o)
                              /usr/lib/gcc/arm-none-eabi/12.1.0/../../../../arm-none-eabi/lib/thumb/v7e-m+dp/hard/libc_nano.a(lib_a-atexit.o) (__register_exitproc)
/usr/lib/gcc/arm-none-eabi/12.1.0/../../../../arm-none-eabi/lib/thumb/v7e-m+dp/hard/libc_nano.a(lib_a-__call_atexit.o)
                              /usr/lib/gcc/arm-none-eabi/12.1.0/../../../../arm-none-eabi/lib/thumb/v7e-m+dp/hard/libc_nano.a(lib_a-__atexit.o) (__call_exitprocs)
/usr/lib/gcc/arm-none-eabi/12.1.0/../../../../arm-none-eabi/lib/thumb/v7e-m+dp/hard/libc_nano.a(lib_a-lock.o)
                              /usr/lib/gcc/arm-none-eabi/12.1.0/../../../../arm-none-eabi/lib/thumb/v7e-m+dp/hard/libc_nano.a(lib_a-__atexit.o) (__retarget_lock_acquire_recursive)
/usr/lib/gcc/arm-none-eabi/12.1.0/../../../../arm-none-eabi/lib/thumb/v7e-m+dp/hard/libnosys.a(_exit.o)
                              /usr/lib/gcc/arm-none-eabi/12.1.0/../../../../arm-none-eabi/lib/thumb/v7e-m+dp/hard/libc_nano.a(lib_a-exit.o) (_exit)
/usr/lib/gcc/arm-none-eabi/12.1.0/thumb/v7e-m+dp/hard/libgcc.a(_aeabi_uldivmod.o)
                              build/stm32h7xx_hal_uart.o (__aeabi_uldivmod)
/usr/lib/gcc/arm-none-eabi/12.1.0/thumb/v7e-m+dp/hard/libgcc.a(_udivmoddi4.o)
                              /usr/lib/gcc/arm-none-eabi/12.1.0/thumb/v7e-m+dp/hard/libgcc.a(_aeabi_uldivmod.o) (__udivmoddi4)
/usr/lib/gcc/arm-none-eabi/12.1.0/thumb/v7e-m+dp/hard/libgcc.a(_dvmd_tls.o)
                              /usr/lib/gcc/arm-none-eabi/12.1.0/thumb/v7e-m+dp/hard/libgcc.a(_aeabi_uldivmod.o) (__aeabi_ldiv0)

Discarded input sections

 .text          0x0000000000000000        0x0 /usr/lib/gcc/arm-none-eabi/12.1.0/thumb/v7e-m+dp/hard/crti.o
 .data          0x0000000000000000        0x0 /usr/lib/gcc/arm-none-eabi/12.1.0/thumb/v7e-m+dp/hard/crti.o
 .bss           0x0000000000000000        0x0 /usr/lib/gcc/arm-none-eabi/12.1.0/thumb/v7e-m+dp/hard/crti.o
 .text          0x0000000000000000        0x0 /usr/lib/gcc/arm-none-eabi/12.1.0/thumb/v7e-m+dp/hard/crtbegin.o
 .data          0x0000000000000000        0x0 /usr/lib/gcc/arm-none-eabi/12.1.0/thumb/v7e-m+dp/hard/crtbegin.o
 .bss           0x0000000000000000        0x0 /usr/lib/gcc/arm-none-eabi/12.1.0/thumb/v7e-m+dp/hard/crtbegin.o
 .rodata.all_implied_fbits
                0x0000000000000000       0x24 /usr/lib/gcc/arm-none-eabi/12.1.0/thumb/v7e-m+dp/hard/crtbegin.o
 .data.__dso_handle
                0x0000000000000000        0x4 /usr/lib/gcc/arm-none-eabi/12.1.0/thumb/v7e-m+dp/hard/crtbegin.o
 .text          0x0000000000000000       0x70 /usr/lib/gcc/arm-none-eabi/12.1.0/../../../../arm-none-eabi/lib/thumb/v7e-m+dp/hard/crt0.o
 .data          0x0000000000000000        0x0 /usr/lib/gcc/arm-none-eabi/12.1.0/../../../../arm-none-eabi/lib/thumb/v7e-m+dp/hard/crt0.o
 .bss           0x0000000000000000        0x0 /usr/lib/gcc/arm-none-eabi/12.1.0/../../../../arm-none-eabi/lib/thumb/v7e-m+dp/hard/crt0.o
 .ARM.extab     0x0000000000000000        0x0 /usr/lib/gcc/arm-none-eabi/12.1.0/../../../../arm-none-eabi/lib/thumb/v7e-m+dp/hard/crt0.o
 .ARM.exidx     0x0000000000000000       0x10 /usr/lib/gcc/arm-none-eabi/12.1.0/../../../../arm-none-eabi/lib/thumb/v7e-m+dp/hard/crt0.o
 .debug_line_str
[...]
Memory Configuration

Name             Origin             Length             Attributes
DTCMRAM          0x0000000020000000 0x0000000000020000 xrw
RAM_D1           0x0000000024000000 0x0000000000080000 xrw
RAM_D2           0x0000000030000000 0x0000000000048000 xrw
RAM_D3           0x0000000038000000 0x0000000000010000 xrw
ITCMRAM          0x0000000000000000 0x0000000000010000 xrw
FLASH            0x0000000008000000 0x0000000000020000 xr
*default*        0x0000000000000000 0xffffffffffffffff

Linker script and memory map

LOAD /usr/lib/gcc/arm-none-eabi/12.1.0/thumb/v7e-m+dp/hard/crti.o
LOAD /usr/lib/gcc/arm-none-eabi/12.1.0/thumb/v7e-m+dp/hard/crtbegin.o
LOAD /usr/lib/gcc/arm-none-eabi/12.1.0/../../../../arm-none-eabi/lib/thumb/v7e-m+dp/hard/crt0.o
LOAD build/main.o
LOAD build/stm32h7xx_it.o
LOAD build/stm32h7xx_hal_msp.o
LOAD build/stm32h7xx_hal_cortex.o
LOAD build/stm32h7xx_hal_tim.o
LOAD build/stm32h7xx_hal_tim_ex.o
LOAD build/stm32h7xx_hal_uart.o
LOAD build/stm32h7xx_hal_uart_ex.o
LOAD build/stm32h7xx_hal_rcc.o
LOAD build/stm32h7xx_hal_rcc_ex.o
LOAD build/stm32h7xx_hal_flash.o
LOAD build/stm32h7xx_hal_flash_ex.o
LOAD build/stm32h7xx_hal_gpio.o
LOAD build/stm32h7xx_hal_hsem.o
LOAD build/stm32h7xx_hal_dma.o
LOAD build/stm32h7xx_hal_dma_ex.o
LOAD build/stm32h7xx_hal_mdma.o
LOAD build/stm32h7xx_hal_pwr.o
LOAD build/stm32h7xx_hal_pwr_ex.o
LOAD build/stm32h7xx_hal.o
LOAD build/stm32h7xx_hal_i2c.o
LOAD build/stm32h7xx_hal_i2c_ex.o
LOAD build/stm32h7xx_hal_exti.o
LOAD build/system_stm32h7xx.o
LOAD build/startup_stm32h750xx.o
LOAD /usr/lib/gcc/arm-none-eabi/12.1.0/../../../../arm-none-eabi/lib/thumb/v7e-m+dp/hard/libc_nano.a
LOAD /usr/lib/gcc/arm-none-eabi/12.1.0/../../../../arm-none-eabi/lib/thumb/v7e-m+dp/hard/libm.a
LOAD /usr/lib/gcc/arm-none-eabi/12.1.0/../../../../arm-none-eabi/lib/thumb/v7e-m+dp/hard/libnosys.a
START GROUP
LOAD /usr/lib/gcc/arm-none-eabi/12.1.0/thumb/v7e-m+dp/hard/libgcc.a
LOAD /usr/lib/gcc/arm-none-eabi/12.1.0/../../../../arm-none-eabi/lib/thumb/v7e-m+dp/hard/libc_nano.a
END GROUP
START GROUP
LOAD /usr/lib/gcc/arm-none-eabi/12.1.0/thumb/v7e-m+dp/hard/libgcc.a
LOAD /usr/lib/gcc/arm-none-eabi/12.1.0/../../../../arm-none-eabi/lib/thumb/v7e-m+dp/hard/libc_nano.a
END GROUP
LOAD /usr/lib/gcc/arm-none-eabi/12.1.0/thumb/v7e-m+dp/hard/crtend.o
LOAD /usr/lib/gcc/arm-none-eabi/12.1.0/thumb/v7e-m+dp/hard/crtn.o
                0x0000000020020000                _estack = 0x20020000
                0x0000000000000200                _Min_Heap_Size = 0x200
                0x0000000000000400                _Min_Stack_Size = 0x400

.isr_vector     0x0000000008000000      0x298
                0x0000000008000000                . = ALIGN (0x4)
 *(.isr_vector)
 .isr_vector    0x0000000008000000      0x298 build/startup_stm32h750xx.o
                0x0000000008000000                g_pfnVectors
                0x0000000008000298                . = ALIGN (0x4)

.text           0x0000000008000298     0x30c8
                0x0000000008000298                . = ALIGN (0x4)
 *(.text)
 .text          0x0000000008000298       0x30 /usr/lib/gcc/arm-none-eabi/12.1.0/thumb/v7e-m+dp/hard/libgcc.a(_aeabi_uldivmod.o)
                0x0000000008000298                __aeabi_uldivmod
 .text          0x00000000080002c8        0x4 /usr/lib/gcc/arm-none-eabi/12.1.0/thumb/v7e-m+dp/hard/libgcc.a(_dvmd_tls.o)
                0x00000000080002c8                __aeabi_ldiv0
                0x00000000080002c8                __aeabi_idiv0
 *(.text*)
 .text.__do_global_dtors_aux
                0x00000000080002cc       0x24 /usr/lib/gcc/arm-none-eabi/12.1.0/thumb/v7e-m+dp/hard/crtbegin.o
 .text.frame_dummy
                0x00000000080002f0       0x1c /usr/lib/gcc/arm-none-eabi/12.1.0/thumb/v7e-m+dp/hard/crtbegin.o
 .text.GPIO_Init
                0x000000000800030c       0xac build/main.o
 .text.Error_Handler
                0x00000000080003b8        0x4 build/main.o
                0x00000000080003b8                Error_Handler
 .text.UART4_Init
                0x00000000080003bc       0x60 build/main.o
 .text.SystemClock_Config
                0x000000000800041c       0xa4 build/main.o
                0x000000000800041c                SystemClock_Config
 .text.main     0x00000000080004c0       0x28 build/main.o
                0x00000000080004c0                main
 .text.NMI_Handler
                0x00000000080004e8        0x2 build/stm32h7xx_it.o
                0x00000000080004e8                NMI_Handler
 .text.HardFault_Handler
                0x00000000080004ea        0x2 build/stm32h7xx_it.o
                0x00000000080004ea                HardFault_Handler
 .text.MemManage_Handler
                0x00000000080004ec        0x2 build/stm32h7xx_it.o
                0x00000000080004ec                MemManage_Handler
 .text.BusFault_Handler
                0x00000000080004ee        0x2 build/stm32h7xx_it.o
                0x00000000080004ee                BusFault_Handler
 .text.UsageFault_Handler
                0x00000000080004f0        0x2 build/stm32h7xx_it.o
                0x00000000080004f0                UsageFault_Handler
 .text.SVC_Handler
                0x00000000080004f2        0x2 build/stm32h7xx_it.o
                0x00000000080004f2                SVC_Handler
 .text.DebugMon_Handler
                0x00000000080004f4        0x2 build/stm32h7xx_it.o
                0x00000000080004f4                DebugMon_Handler
 .text.PendSV_Handler
                0x00000000080004f6        0x2 build/stm32h7xx_it.o
                0x00000000080004f6                PendSV_Handler
 .text.SysTick_Handler
                0x00000000080004f8        0x8 build/stm32h7xx_it.o
                0x00000000080004f8                SysTick_Handler
 .text.HAL_MspInit
                0x0000000008000500       0x24 build/stm32h7xx_hal_msp.o
                0x0000000008000500                HAL_MspInit
 .text.HAL_UART_MspInit
                0x0000000008000524       0x94 build/stm32h7xx_hal_msp.o
                0x0000000008000524                HAL_UART_MspInit
 .text.__NVIC_SetPriority
                0x00000000080005b8       0x24 build/stm32h7xx_hal_cortex.o
 .text.NVIC_EncodePriority
                0x00000000080005dc       0x3e build/stm32h7xx_hal_cortex.o
 *fill*         0x000000000800061a        0x2 
 .text.HAL_NVIC_SetPriorityGrouping
                0x000000000800061c       0x24 build/stm32h7xx_hal_cortex.o
                0x000000000800061c                HAL_NVIC_SetPriorityGrouping
 .text.HAL_NVIC_SetPriority
                0x0000000008000640       0x20 build/stm32h7xx_hal_cortex.o
                0x0000000008000640                HAL_NVIC_SetPriority
 .text.HAL_SYSTICK_Config
                0x0000000008000660       0x28 build/stm32h7xx_hal_cortex.o
                0x0000000008000660                HAL_SYSTICK_Config
 .text.UART_SetConfig
                0x0000000008000688      0x5f4 build/stm32h7xx_hal_uart.o
                0x0000000008000688                UART_SetConfig
 .text.UART_AdvFeatureConfig
                0x0000000008000c7c       0xca build/stm32h7xx_hal_uart.o
                0x0000000008000c7c                UART_AdvFeatureConfig
 .text.UART_WaitOnFlagUntilTimeout
                0x0000000008000d46       0xd8 build/stm32h7xx_hal_uart.o
                0x0000000008000d46                UART_WaitOnFlagUntilTimeout
 .text.UART_CheckIdleState
                0x0000000008000e1e       0x74 build/stm32h7xx_hal_uart.o
                0x0000000008000e1e                UART_CheckIdleState
 .text.HAL_UART_Init
                0x0000000008000e92       0x66 build/stm32h7xx_hal_uart.o
                0x0000000008000e92                HAL_UART_Init
 .text.UARTEx_SetNbDataToProcess
                0x0000000008000ef8       0x4c build/stm32h7xx_hal_uart_ex.o
 .text.HAL_UARTEx_DisableFifoMode
                0x0000000008000f44       0x3e build/stm32h7xx_hal_uart_ex.o
                0x0000000008000f44                HAL_UARTEx_DisableFifoMode
 .text.HAL_UARTEx_SetTxFifoThreshold
                0x0000000008000f82       0x4a build/stm32h7xx_hal_uart_ex.o
                0x0000000008000f82                HAL_UARTEx_SetTxFifoThreshold
 .text.HAL_UARTEx_SetRxFifoThreshold
                0x0000000008000fcc       0x4a build/stm32h7xx_hal_uart_ex.o
                0x0000000008000fcc                HAL_UARTEx_SetRxFifoThreshold
 *fill*         0x0000000008001016        0x2 
 .text.HAL_RCC_OscConfig
                0x0000000008001018      0x674 build/stm32h7xx_hal_rcc.o
                0x0000000008001018                HAL_RCC_OscConfig
 .text.HAL_RCC_GetSysClockFreq
                0x000000000800168c      0x1f4 build/stm32h7xx_hal_rcc.o
                0x000000000800168c                HAL_RCC_GetSysClockFreq
 .text.HAL_RCC_ClockConfig
                0x0000000008001880      0x294 build/stm32h7xx_hal_rcc.o
                0x0000000008001880                HAL_RCC_ClockConfig
 .text.HAL_RCC_GetHCLKFreq
                0x0000000008001b14       0x44 build/stm32h7xx_hal_rcc.o
                0x0000000008001b14                HAL_RCC_GetHCLKFreq
 .text.HAL_RCC_GetPCLK1Freq
                0x0000000008001b58       0x24 build/stm32h7xx_hal_rcc.o
                0x0000000008001b58                HAL_RCC_GetPCLK1Freq
 .text.HAL_RCC_GetPCLK2Freq
                0x0000000008001b7c       0x24 build/stm32h7xx_hal_rcc.o
                0x0000000008001b7c                HAL_RCC_GetPCLK2Freq
 .text.RCCEx_PLL2_Config
                0x0000000008001ba0      0x10c build/stm32h7xx_hal_rcc_ex.o
 .text.RCCEx_PLL3_Config
                0x0000000008001cac      0x10c build/stm32h7xx_hal_rcc_ex.o
 .text.HAL_RCCEx_PeriphCLKConfig
                0x0000000008001db8      0x9c4 build/stm32h7xx_hal_rcc_ex.o
                0x0000000008001db8                HAL_RCCEx_PeriphCLKConfig
 .text.HAL_RCCEx_GetD3PCLK1Freq
                0x000000000800277c       0x24 build/stm32h7xx_hal_rcc_ex.o
                0x000000000800277c                HAL_RCCEx_GetD3PCLK1Freq
 .text.HAL_RCCEx_GetPLL2ClockFreq
                0x00000000080027a0      0x1fc build/stm32h7xx_hal_rcc_ex.o
                0x00000000080027a0                HAL_RCCEx_GetPLL2ClockFreq
 .text.HAL_RCCEx_GetPLL3ClockFreq
                0x000000000800299c      0x1fc build/stm32h7xx_hal_rcc_ex.o
                0x000000000800299c                HAL_RCCEx_GetPLL3ClockFreq
 .text.HAL_GPIO_Init
                0x0000000008002b98      0x220 build/stm32h7xx_hal_gpio.o
                0x0000000008002b98                HAL_GPIO_Init
 .text.HAL_GPIO_WritePin
                0x0000000008002db8        0xc build/stm32h7xx_hal_gpio.o
                0x0000000008002db8                HAL_GPIO_WritePin
 .text.HAL_GPIO_TogglePin
                0x0000000008002dc4       0x12 build/stm32h7xx_hal_gpio.o
                0x0000000008002dc4                HAL_GPIO_TogglePin
 *fill*         0x0000000008002dd6        0x2 
 .text.HAL_PWREx_ConfigSupply
                0x0000000008002dd8       0x54 build/stm32h7xx_hal_pwr_ex.o
                0x0000000008002dd8                HAL_PWREx_ConfigSupply
 .text.HAL_InitTick
                0x0000000008002e2c       0x50 build/stm32h7xx_hal.o
                0x0000000008002e2c                HAL_InitTick
 .text.HAL_Init
                0x0000000008002e7c       0x5c build/stm32h7xx_hal.o
                0x0000000008002e7c                HAL_Init
 .text.HAL_IncTick
                0x0000000008002ed8       0x18 build/stm32h7xx_hal.o
                0x0000000008002ed8                HAL_IncTick
 .text.HAL_GetTick
                0x0000000008002ef0        0xc build/stm32h7xx_hal.o
                0x0000000008002ef0                HAL_GetTick
 .text.HAL_Delay
                0x0000000008002efc       0x28 build/stm32h7xx_hal.o
                0x0000000008002efc                HAL_Delay
 .text.HAL_GetREVID
                0x0000000008002f24        0xc build/stm32h7xx_hal.o
                0x0000000008002f24                HAL_GetREVID
 .text.SystemInit
                0x0000000008002f30       0xcc build/system_stm32h7xx.o
                0x0000000008002f30                SystemInit
 .text.Reset_Handler
                0x0000000008002ffc       0x50 build/startup_stm32h750xx.o
                0x0000000008002ffc                Reset_Handler
 .text.Default_Handler
                0x000000000800304c        0x2 build/startup_stm32h750xx.o
                0x000000000800304c                RTC_Alarm_IRQHandler
                0x000000000800304c                HASH_RNG_IRQHandler
                0x000000000800304c                EXTI2_IRQHandler
                0x000000000800304c                TIM8_CC_IRQHandler
                0x000000000800304c                HRTIM1_Master_IRQHandler
                0x000000000800304c                UART8_IRQHandler
                0x000000000800304c                SPI4_IRQHandler
                0x000000000800304c                TIM1_CC_IRQHandler
                0x000000000800304c                BDMA_Channel6_IRQHandler
                0x000000000800304c                DMA2_Stream5_IRQHandler
                0x000000000800304c                HRTIM1_FLT_IRQHandler
                0x000000000800304c                JPEG_IRQHandler
                0x000000000800304c                DMA1_Stream5_IRQHandler
                0x000000000800304c                BDMA_Channel1_IRQHandler
                0x000000000800304c                HRTIM1_TIMD_IRQHandler
                0x000000000800304c                TAMP_STAMP_IRQHandler
                0x000000000800304c                EXTI3_IRQHandler
                0x000000000800304c                LPTIM4_IRQHandler
                0x000000000800304c                TIM8_TRG_COM_TIM14_IRQHandler
                0x000000000800304c                LPTIM2_IRQHandler
                0x000000000800304c                DFSDM1_FLT1_IRQHandler
                0x000000000800304c                DMAMUX2_OVR_IRQHandler
                0x000000000800304c                TIM8_UP_TIM13_IRQHandler
                0x000000000800304c                I2C3_ER_IRQHandler
                0x000000000800304c                DFSDM1_FLT2_IRQHandler
                0x000000000800304c                MDMA_IRQHandler
                0x000000000800304c                LPTIM3_IRQHandler
                0x000000000800304c                HSEM1_IRQHandler
                0x000000000800304c                EXTI0_IRQHandler
                0x000000000800304c                I2C2_EV_IRQHandler
                0x000000000800304c                DMA1_Stream2_IRQHandler
                0x000000000800304c                FPU_IRQHandler
                0x000000000800304c                OTG_HS_WKUP_IRQHandler
                0x000000000800304c                FDCAN1_IT1_IRQHandler
                0x000000000800304c                LTDC_ER_IRQHandler
                0x000000000800304c                DMA2_Stream2_IRQHandler
                0x000000000800304c                HRTIM1_TIME_IRQHandler
                0x000000000800304c                SPI1_IRQHandler
                0x000000000800304c                TIM6_DAC_IRQHandler
                0x000000000800304c                DCMI_IRQHandler
                0x000000000800304c                HRTIM1_TIMC_IRQHandler
                0x000000000800304c                DMA2_Stream3_IRQHandler
                0x000000000800304c                SAI2_IRQHandler
                0x000000000800304c                DFSDM1_FLT3_IRQHandler
                0x000000000800304c                USART6_IRQHandler
                0x000000000800304c                TIM17_IRQHandler
                0x000000000800304c                USART3_IRQHandler
                0x000000000800304c                BDMA_Channel7_IRQHandler
                0x000000000800304c                CRYP_IRQHandler
                0x000000000800304c                LPTIM5_IRQHandler
                0x000000000800304c                UART5_IRQHandler
                0x000000000800304c                ADC3_IRQHandler
                0x000000000800304c                DMA2_Stream0_IRQHandler
                0x000000000800304c                TIM4_IRQHandler
                0x000000000800304c                BDMA_Channel2_IRQHandler
                0x000000000800304c                QUADSPI_IRQHandler
                0x000000000800304c                I2C1_EV_IRQHandler
                0x000000000800304c                DMA1_Stream6_IRQHandler
                0x000000000800304c                DMAMUX1_OVR_IRQHandler
                0x000000000800304c                DMA1_Stream1_IRQHandler
                0x000000000800304c                TIM16_IRQHandler
                0x000000000800304c                UART4_IRQHandler
                0x000000000800304c                BDMA_Channel5_IRQHandler
                0x000000000800304c                TIM3_IRQHandler
                0x000000000800304c                RCC_IRQHandler
                0x000000000800304c                TIM8_BRK_TIM12_IRQHandler
                0x000000000800304c                TIM1_TRG_COM_IRQHandler
                0x000000000800304c                Default_Handler
                0x000000000800304c                ECC_IRQHandler
                0x000000000800304c                CEC_IRQHandler
                0x000000000800304c                EXTI15_10_IRQHandler
                0x000000000800304c                BDMA_Channel0_IRQHandler
                0x000000000800304c                ADC_IRQHandler
                0x000000000800304c                DMA1_Stream7_IRQHandler
                0x000000000800304c                HRTIM1_TIMA_IRQHandler
                0x000000000800304c                SPI5_IRQHandler
                0x000000000800304c                TIM7_IRQHandler
                0x000000000800304c                SDMMC1_IRQHandler
                0x000000000800304c                TIM5_IRQHandler
                0x000000000800304c                DMA2_Stream7_IRQHandler
                0x000000000800304c                TIM15_IRQHandler
                0x000000000800304c                PVD_AVD_IRQHandler
                0x000000000800304c                I2C3_EV_IRQHandler
                0x000000000800304c                EXTI9_5_IRQHandler
                0x000000000800304c                RTC_WKUP_IRQHandler
                0x000000000800304c                LTDC_IRQHandler
                0x000000000800304c                SAI3_IRQHandler
                0x000000000800304c                ETH_WKUP_IRQHandler
                0x000000000800304c                SPDIF_RX_IRQHandler
                0x000000000800304c                SPI2_IRQHandler
                0x000000000800304c                OTG_HS_EP1_IN_IRQHandler
                0x000000000800304c                DMA1_Stream0_IRQHandler
                0x000000000800304c                CRS_IRQHandler
                0x000000000800304c                EXTI4_IRQHandler
                0x000000000800304c                HRTIM1_TIMB_IRQHandler
                0x000000000800304c                FDCAN2_IT1_IRQHandler
                0x000000000800304c                ETH_IRQHandler
                0x000000000800304c                TIM1_UP_IRQHandler
                0x000000000800304c                BDMA_Channel4_IRQHandler
                0x000000000800304c                OTG_HS_EP1_OUT_IRQHandler
                0x000000000800304c                WWDG_IRQHandler
                0x000000000800304c                SPI6_IRQHandler
                0x000000000800304c                MDIOS_IRQHandler
                0x000000000800304c                I2C4_EV_IRQHandler
                0x000000000800304c                FDCAN2_IT0_IRQHandler
                0x000000000800304c                LPUART1_IRQHandler
                0x000000000800304c                FDCAN1_IT0_IRQHandler
                0x000000000800304c                TIM2_IRQHandler
                0x000000000800304c                OTG_FS_WKUP_IRQHandler
                0x000000000800304c                OTG_HS_IRQHandler
                0x000000000800304c                DMA2D_IRQHandler
                0x000000000800304c                TIM1_BRK_IRQHandler
                0x000000000800304c                EXTI1_IRQHandler
                0x000000000800304c                SDMMC2_IRQHandler
                0x000000000800304c                OTG_FS_EP1_OUT_IRQHandler
                0x000000000800304c                BDMA_Channel3_IRQHandler
                0x000000000800304c                UART7_IRQHandler
                0x000000000800304c                MDIOS_WKUP_IRQHandler
                0x000000000800304c                USART2_IRQHandler
                0x000000000800304c                DFSDM1_FLT0_IRQHandler
                0x000000000800304c                SAI4_IRQHandler
                0x000000000800304c                I2C2_ER_IRQHandler
                0x000000000800304c                DMA2_Stream1_IRQHandler
                0x000000000800304c                FLASH_IRQHandler
                0x000000000800304c                DMA2_Stream4_IRQHandler
                0x000000000800304c                USART1_IRQHandler
                0x000000000800304c                OTG_FS_IRQHandler
                0x000000000800304c                SPI3_IRQHandler
                0x000000000800304c                WAKEUP_PIN_IRQHandler
                0x000000000800304c                DMA1_Stream4_IRQHandler
                0x000000000800304c                OTG_FS_EP1_IN_IRQHandler
                0x000000000800304c                I2C1_ER_IRQHandler
                0x000000000800304c                FMC_IRQHandler
                0x000000000800304c                FDCAN_CAL_IRQHandler
                0x000000000800304c                SWPMI1_IRQHandler
                0x000000000800304c                COMP1_IRQHandler
                0x000000000800304c                LPTIM1_IRQHandler
                0x000000000800304c                I2C4_ER_IRQHandler
                0x000000000800304c                DMA2_Stream6_IRQHandler
                0x000000000800304c                SAI1_IRQHandler
                0x000000000800304c                DMA1_Stream3_IRQHandler
 *fill*         0x000000000800304e        0x2 
 .text.__libc_init_array
                0x0000000008003050       0x48 /usr/lib/gcc/arm-none-eabi/12.1.0/../../../../arm-none-eabi/lib/thumb/v7e-m+dp/hard/libc_nano.a(lib_a-init.o)
                0x0000000008003050                __libc_init_array
 .text.memset   0x0000000008003098       0x10 /usr/lib/gcc/arm-none-eabi/12.1.0/../../../../arm-none-eabi/lib/thumb/v7e-m+dp/hard/libc_nano.a(lib_a-memset.o)
                0x0000000008003098                memset
 .text.__udivmoddi4
                0x00000000080030a8      0x2a0 /usr/lib/gcc/arm-none-eabi/12.1.0/thumb/v7e-m+dp/hard/libgcc.a(_udivmoddi4.o)
                0x00000000080030a8                __udivmoddi4
 *(.glue_7)
 .glue_7        0x0000000008003348        0x0 linker stubs
 *(.glue_7t)
 .glue_7t       0x0000000008003348        0x0 linker stubs
 *(.eh_frame)
 .eh_frame      0x0000000008003348        0x0 /usr/lib/gcc/arm-none-eabi/12.1.0/thumb/v7e-m+dp/hard/crtbegin.o
 *(.init)
 .init          0x0000000008003348        0x4 /usr/lib/gcc/arm-none-eabi/12.1.0/thumb/v7e-m+dp/hard/crti.o
                0x0000000008003348                _init
 .init          0x000000000800334c        0x8 /usr/lib/gcc/arm-none-eabi/12.1.0/thumb/v7e-m+dp/hard/crtn.o
 *(.fini)
 .fini          0x0000000008003354        0x4 /usr/lib/gcc/arm-none-eabi/12.1.0/thumb/v7e-m+dp/hard/crti.o
                0x0000000008003354                _fini
 .fini          0x0000000008003358        0x8 /usr/lib/gcc/arm-none-eabi/12.1.0/thumb/v7e-m+dp/hard/crtn.o
                0x0000000008003360                . = ALIGN (0x4)
                0x0000000008003360                _etext = .

.vfp11_veneer   0x0000000008003360        0x0
 .vfp11_veneer  0x0000000008003360        0x0 linker stubs

.v4_bx          0x0000000008003360        0x0
 .v4_bx         0x0000000008003360        0x0 linker stubs

.iplt           0x0000000008003360        0x0
 .iplt          0x0000000008003360        0x0 /usr/lib/gcc/arm-none-eabi/12.1.0/thumb/v7e-m+dp/hard/crtbegin.o

.rodata         0x0000000008003360       0x38
                0x0000000008003360                . = ALIGN (0x4)
 *(.rodata)
 *(.rodata*)
 .rodata.UARTPrescTable
                0x0000000008003360       0x18 build/stm32h7xx_hal_uart.o
                0x0000000008003360                UARTPrescTable
 .rodata.denominator.0
                0x0000000008003378        0x8 build/stm32h7xx_hal_uart_ex.o
 .rodata.numerator.1
                0x0000000008003380        0x8 build/stm32h7xx_hal_uart_ex.o
 .rodata.D1CorePrescTable
                0x0000000008003388       0x10 build/system_stm32h7xx.o
                0x0000000008003388                D1CorePrescTable
                0x0000000008003398                . = ALIGN (0x4)

.ARM.extab
 *(.ARM.extab* .gnu.linkonce.armextab.*)

.ARM            0x0000000008003398        0x8
                0x0000000008003398                __exidx_start = .
 *(.ARM.exidx*)
 .ARM.exidx.text.__udivmoddi4
                0x0000000008003398        0x8 /usr/lib/gcc/arm-none-eabi/12.1.0/thumb/v7e-m+dp/hard/libgcc.a(_udivmoddi4.o)
                0x00000000080033a0                __exidx_end = .

.rel.dyn        0x00000000080033a0        0x0
 .rel.iplt      0x00000000080033a0        0x0 /usr/lib/gcc/arm-none-eabi/12.1.0/thumb/v7e-m+dp/hard/crtbegin.o

.preinit_array  0x00000000080033a0        0x0
                0x00000000080033a0                PROVIDE (__preinit_array_start = .)
 *(.preinit_array*)
                0x00000000080033a0                PROVIDE (__preinit_array_end = .)

.init_array     0x00000000080033a0        0x4
                0x00000000080033a0                PROVIDE (__init_array_start = .)
 *(SORT_BY_NAME(.init_array.*))
 *(.init_array*)
 .init_array    0x00000000080033a0        0x4 /usr/lib/gcc/arm-none-eabi/12.1.0/thumb/v7e-m+dp/hard/crtbegin.o
                0x00000000080033a4                PROVIDE (__init_array_end = .)

.fini_array     0x00000000080033a4        0x4
                0x00000000080033a4                PROVIDE (__fini_array_start = .)
 *(SORT_BY_NAME(.fini_array.*))
 *(.fini_array*)
 .fini_array    0x00000000080033a4        0x4 /usr/lib/gcc/arm-none-eabi/12.1.0/thumb/v7e-m+dp/hard/crtbegin.o
                0x00000000080033a8                PROVIDE (__fini_array_end = .)
                0x00000000080033a8                _sidata = LOADADDR (.data)

.data           0x0000000020000000       0x10 load address 0x00000000080033a8
                0x0000000020000000                . = ALIGN (0x4)
                0x0000000020000000                _sdata = .
 *(.data)
 *(.data*)
 .data.uwTickFreq
                0x0000000020000000        0x1 build/stm32h7xx_hal.o
                0x0000000020000000                uwTickFreq
 *fill*         0x0000000020000001        0x3 
 .data.uwTickPrio
                0x0000000020000004        0x4 build/stm32h7xx_hal.o
                0x0000000020000004                uwTickPrio
 .data.SystemD2Clock
                0x0000000020000008        0x4 build/system_stm32h7xx.o
                0x0000000020000008                SystemD2Clock
 .data.SystemCoreClock
                0x000000002000000c        0x4 build/system_stm32h7xx.o
                0x000000002000000c                SystemCoreClock
                0x0000000020000010                . = ALIGN (0x4)
                0x0000000020000010                _edata = .

.igot.plt       0x0000000020000010        0x0 load address 0x00000000080033b8
 .igot.plt      0x0000000020000010        0x0 /usr/lib/gcc/arm-none-eabi/12.1.0/thumb/v7e-m+dp/hard/crtbegin.o
                0x0000000020000010                . = ALIGN (0x4)

.bss            0x0000000020000010       0xb0 load address 0x00000000080033b8
                0x0000000020000010                _sbss = .
                0x0000000020000010                __bss_start__ = _sbss
 *(.bss)
 *(.bss*)
 .bss.completed.1
                0x0000000020000010        0x1 /usr/lib/gcc/arm-none-eabi/12.1.0/thumb/v7e-m+dp/hard/crtbegin.o
 *fill*         0x0000000020000011        0x3 
 .bss.object.0  0x0000000020000014       0x18 /usr/lib/gcc/arm-none-eabi/12.1.0/thumb/v7e-m+dp/hard/crtbegin.o
 .bss.huart4    0x000000002000002c       0x90 build/main.o
                0x000000002000002c                huart4
 .bss.uwTick    0x00000000200000bc        0x4 build/stm32h7xx_hal.o
                0x00000000200000bc                uwTick
 *(COMMON)
                0x00000000200000c0                . = ALIGN (0x4)
                0x00000000200000c0                _ebss = .
                0x00000000200000c0                __bss_end__ = _ebss

._user_heap_stack
                0x00000000200000c0      0x600 load address 0x00000000080033b8
                0x00000000200000c0                . = ALIGN (0x8)
                [!provide]                        PROVIDE (end = .)
                [!provide]                        PROVIDE (_end = .)
                0x00000000200002c0                . = (. + _Min_Heap_Size)
 *fill*         0x00000000200000c0      0x200 
                0x00000000200006c0                . = (. + _Min_Stack_Size)
 *fill*         0x00000000200002c0      0x400 
                0x00000000200006c0                . = ALIGN (0x8)

/DISCARD/
 libc.a(*)
 libm.a(*)
 libgcc.a(*)

.ARM.attributes
                0x0000000000000000       0x2e
 *(.ARM.attributes)
 .ARM.attributes
                0x0000000000000000       0x20 /usr/lib/gcc/arm-none-eabi/12.1.0/thumb/v7e-m+dp/hard/crti.o
 .ARM.attributes
                0x0000000000000020       0x32 /usr/lib/gcc/arm-none-eabi/12.1.0/thumb/v7e-m+dp/hard/crtbegin.o
 .ARM.attributes
                0x0000000000000052       0x32 build/main.o
 .ARM.attributes
                0x0000000000000084       0x32 build/stm32h7xx_it.o
 .ARM.attributes
                0x00000000000000b6       0x32 build/stm32h7xx_hal_msp.o
 .ARM.attributes
                0x00000000000000e8       0x32 build/stm32h7xx_hal_cortex.o
 .ARM.attributes
                0x000000000000011a       0x32 build/stm32h7xx_hal_uart.o
 .ARM.attributes
                0x000000000000014c       0x32 build/stm32h7xx_hal_uart_ex.o
 .ARM.attributes
                0x000000000000017e       0x32 build/stm32h7xx_hal_rcc.o
 .ARM.attributes
                0x00000000000001b0       0x32 build/stm32h7xx_hal_rcc_ex.o
 .ARM.attributes
                0x00000000000001e2       0x32 build/stm32h7xx_hal_gpio.o
 .ARM.attributes
                0x0000000000000214       0x32 build/stm32h7xx_hal_pwr_ex.o
 .ARM.attributes
                0x0000000000000246       0x32 build/stm32h7xx_hal.o
 .ARM.attributes
                0x0000000000000278       0x32 build/system_stm32h7xx.o
 .ARM.attributes
                0x00000000000002aa       0x21 build/startup_stm32h750xx.o
 .ARM.attributes
                0x00000000000002cb       0x32 /usr/lib/gcc/arm-none-eabi/12.1.0/../../../../arm-none-eabi/lib/thumb/v7e-m+dp/hard/libc_nano.a(lib_a-init.o)
 .ARM.attributes
                0x00000000000002fd       0x32 /usr/lib/gcc/arm-none-eabi/12.1.0/../../../../arm-none-eabi/lib/thumb/v7e-m+dp/hard/libc_nano.a(lib_a-memset.o)
 .ARM.attributes
                0x000000000000032f       0x20 /usr/lib/gcc/arm-none-eabi/12.1.0/thumb/v7e-m+dp/hard/libgcc.a(_aeabi_uldivmod.o)
 .ARM.attributes
                0x000000000000034f       0x32 /usr/lib/gcc/arm-none-eabi/12.1.0/thumb/v7e-m+dp/hard/libgcc.a(_udivmoddi4.o)
 .ARM.attributes
                0x0000000000000381       0x20 /usr/lib/gcc/arm-none-eabi/12.1.0/thumb/v7e-m+dp/hard/libgcc.a(_dvmd_tls.o)
 .ARM.attributes
                0x00000000000003a1       0x20 /usr/lib/gcc/arm-none-eabi/12.1.0/thumb/v7e-m+dp/hard/crtn.o
OUTPUT(build/L0005-Firmware.elf elf32-littlearm)
LOAD linker stubs
LOAD /usr/lib/gcc/arm-none-eabi/12.1.0/../../../../arm-none-eabi/lib/thumb/v7e-m+dp/hard/libc.a
LOAD /usr/lib/gcc/arm-none-eabi/12.1.0/../../../../arm-none-eabi/lib/thumb/v7e-m+dp/hard/libm.a
LOAD /usr/lib/gcc/arm-none-eabi/12.1.0/thumb/v7e-m+dp/hard/libgcc.a

.debug_info     0x0000000000000000    0x140e7
 .debug_info    0x0000000000000000     0x17a3 build/main.o
 .debug_info    0x00000000000017a3      0x16d build/stm32h7xx_it.o
 .debug_info    0x0000000000001910     0x12fe build/stm32h7xx_hal_msp.o
 .debug_info    0x0000000000002c0e     0x14ed build/stm32h7xx_hal_cortex.o
 .debug_info    0x00000000000040fb     0x6865 build/stm32h7xx_hal_uart.o
 .debug_info    0x000000000000a960     0x13a9 build/stm32h7xx_hal_uart_ex.o
 .debug_info    0x000000000000bd09     0x13ef build/stm32h7xx_hal_rcc.o
 .debug_info    0x000000000000d0f8     0x1c06 build/stm32h7xx_hal_rcc_ex.o
 .debug_info    0x000000000000ecfe      0xee1 build/stm32h7xx_hal_gpio.o
 .debug_info    0x000000000000fbdf     0x13f1 build/stm32h7xx_hal_pwr_ex.o
 .debug_info    0x0000000000010fd0     0x1910 build/stm32h7xx_hal.o
 .debug_info    0x00000000000128e0      0xeb5 build/system_stm32h7xx.o
 .debug_info    0x0000000000013795       0x22 build/startup_stm32h750xx.o
 .debug_info    0x00000000000137b7      0x10b /usr/lib/gcc/arm-none-eabi/12.1.0/../../../../arm-none-eabi/lib/thumb/v7e-m+dp/hard/libc_nano.a(lib_a-init.o)
 .debug_info    0x00000000000138c2       0xe0 /usr/lib/gcc/arm-none-eabi/12.1.0/../../../../arm-none-eabi/lib/thumb/v7e-m+dp/hard/libc_nano.a(lib_a-memset.o)
 .debug_info    0x00000000000139a2       0x24 /usr/lib/gcc/arm-none-eabi/12.1.0/thumb/v7e-m+dp/hard/libgcc.a(_aeabi_uldivmod.o)
 .debug_info    0x00000000000139c6      0x6fd /usr/lib/gcc/arm-none-eabi/12.1.0/thumb/v7e-m+dp/hard/libgcc.a(_udivmoddi4.o)
 .debug_info    0x00000000000140c3       0x24 /usr/lib/gcc/arm-none-eabi/12.1.0/thumb/v7e-m+dp/hard/libgcc.a(_dvmd_tls.o)

.debug_abbrev   0x0000000000000000     0x2110
 .debug_abbrev  0x0000000000000000      0x29c build/main.o
 .debug_abbrev  0x000000000000029c       0x80 build/stm32h7xx_it.o
 .debug_abbrev  0x000000000000031c      0x212 build/stm32h7xx_hal_msp.o
 .debug_abbrev  0x000000000000052e      0x3e6 build/stm32h7xx_hal_cortex.o
 .debug_abbrev  0x0000000000000914      0x391 build/stm32h7xx_hal_uart.o
 .debug_abbrev  0x0000000000000ca5      0x348 build/stm32h7xx_hal_uart_ex.o
 .debug_abbrev  0x0000000000000fed      0x29b build/stm32h7xx_hal_rcc.o
 .debug_abbrev  0x0000000000001288      0x285 build/stm32h7xx_hal_rcc_ex.o
 .debug_abbrev  0x000000000000150d      0x253 build/stm32h7xx_hal_gpio.o
 .debug_abbrev  0x0000000000001760      0x2ca build/stm32h7xx_hal_pwr_ex.o
 .debug_abbrev  0x0000000000001a2a      0x2b1 build/stm32h7xx_hal.o
 .debug_abbrev  0x0000000000001cdb      0x12a build/system_stm32h7xx.o
 .debug_abbrev  0x0000000000001e05       0x12 build/startup_stm32h750xx.o
 .debug_abbrev  0x0000000000001e17       0xc9 /usr/lib/gcc/arm-none-eabi/12.1.0/../../../../arm-none-eabi/lib/thumb/v7e-m+dp/hard/libc_nano.a(lib_a-init.o)
 .debug_abbrev  0x0000000000001ee0       0x9e /usr/lib/gcc/arm-none-eabi/12.1.0/../../../../arm-none-eabi/lib/thumb/v7e-m+dp/hard/libc_nano.a(lib_a-memset.o)
 .debug_abbrev  0x0000000000001f7e       0x14 /usr/lib/gcc/arm-none-eabi/12.1.0/thumb/v7e-m+dp/hard/libgcc.a(_aeabi_uldivmod.o)
 .debug_abbrev  0x0000000000001f92      0x16a /usr/lib/gcc/arm-none-eabi/12.1.0/thumb/v7e-m+dp/hard/libgcc.a(_udivmoddi4.o)
 .debug_abbrev  0x00000000000020fc       0x14 /usr/lib/gcc/arm-none-eabi/12.1.0/thumb/v7e-m+dp/hard/libgcc.a(_dvmd_tls.o)

.debug_loc      0x0000000000000000     0xb4bb
 .debug_loc     0x0000000000000000       0xbe build/main.o
 .debug_loc     0x00000000000000be       0x20 build/stm32h7xx_it.o
 .debug_loc     0x00000000000000de       0xf6 build/stm32h7xx_hal_msp.o
 .debug_loc     0x00000000000001d4      0x7b9 build/stm32h7xx_hal_cortex.o
 .debug_loc     0x000000000000098d     0x6410 build/stm32h7xx_hal_uart.o
 .debug_loc     0x0000000000006d9d      0xdf9 build/stm32h7xx_hal_uart_ex.o
 .debug_loc     0x0000000000007b96      0xab5 build/stm32h7xx_hal_rcc.o
 .debug_loc     0x000000000000864b     0x1c6e build/stm32h7xx_hal_rcc_ex.o
 .debug_loc     0x000000000000a2b9      0x482 build/stm32h7xx_hal_gpio.o
 .debug_loc     0x000000000000a73b      0x65b build/stm32h7xx_hal_pwr_ex.o
 .debug_loc     0x000000000000ad96      0x533 build/stm32h7xx_hal.o
 .debug_loc     0x000000000000b2c9      0x1f2 build/system_stm32h7xx.o

.debug_aranges  0x0000000000000000      0xa58
 .debug_aranges
                0x0000000000000000       0x40 build/main.o
 .debug_aranges
                0x0000000000000040       0x60 build/stm32h7xx_it.o
 .debug_aranges
                0x00000000000000a0       0x30 build/stm32h7xx_hal_msp.o
 .debug_aranges
                0x00000000000000d0       0xe8 build/stm32h7xx_hal_cortex.o
 .debug_aranges
                0x00000000000001b8      0x248 build/stm32h7xx_hal_uart.o
 .debug_aranges
                0x0000000000000400       0xa0 build/stm32h7xx_hal_uart_ex.o
 .debug_aranges
                0x00000000000004a0       0x88 build/stm32h7xx_hal_rcc.o
 .debug_aranges
                0x0000000000000528       0xf8 build/stm32h7xx_hal_rcc_ex.o
 .debug_aranges
                0x0000000000000620       0x58 build/stm32h7xx_hal_gpio.o
 .debug_aranges
                0x0000000000000678      0x158 build/stm32h7xx_hal_pwr_ex.o
 .debug_aranges
                0x00000000000007d0      0x198 build/stm32h7xx_hal.o
 .debug_aranges
                0x0000000000000968       0x28 build/system_stm32h7xx.o
 .debug_aranges
                0x0000000000000990       0x28 build/startup_stm32h750xx.o
 .debug_aranges
                0x00000000000009b8       0x20 /usr/lib/gcc/arm-none-eabi/12.1.0/../../../../arm-none-eabi/lib/thumb/v7e-m+dp/hard/libc_nano.a(lib_a-init.o)
 .debug_aranges
                0x00000000000009d8       0x20 /usr/lib/gcc/arm-none-eabi/12.1.0/../../../../arm-none-eabi/lib/thumb/v7e-m+dp/hard/libc_nano.a(lib_a-memset.o)
 .debug_aranges
                0x00000000000009f8       0x20 /usr/lib/gcc/arm-none-eabi/12.1.0/thumb/v7e-m+dp/hard/libgcc.a(_aeabi_uldivmod.o)
 .debug_aranges
                0x0000000000000a18       0x20 /usr/lib/gcc/arm-none-eabi/12.1.0/thumb/v7e-m+dp/hard/libgcc.a(_udivmoddi4.o)
 .debug_aranges
                0x0000000000000a38       0x20 /usr/lib/gcc/arm-none-eabi/12.1.0/thumb/v7e-m+dp/hard/libgcc.a(_dvmd_tls.o)

.debug_ranges   0x0000000000000000      0x9c0
 .debug_ranges  0x0000000000000000       0x30 build/main.o
 .debug_ranges  0x0000000000000030       0x50 build/stm32h7xx_it.o
 .debug_ranges  0x0000000000000080       0x20 build/stm32h7xx_hal_msp.o
 .debug_ranges  0x00000000000000a0       0xd8 build/stm32h7xx_hal_cortex.o
 .debug_ranges  0x0000000000000178      0x238 build/stm32h7xx_hal_uart.o
 .debug_ranges  0x00000000000003b0       0x90 build/stm32h7xx_hal_uart_ex.o
 .debug_ranges  0x0000000000000440       0xe8 build/stm32h7xx_hal_rcc.o
 .debug_ranges  0x0000000000000528       0xe8 build/stm32h7xx_hal_rcc_ex.o
 .debug_ranges  0x0000000000000610       0x48 build/stm32h7xx_hal_gpio.o
 .debug_ranges  0x0000000000000658      0x1a8 build/stm32h7xx_hal_pwr_ex.o
 .debug_ranges  0x0000000000000800      0x188 build/stm32h7xx_hal.o
 .debug_ranges  0x0000000000000988       0x18 build/system_stm32h7xx.o
 .debug_ranges  0x00000000000009a0       0x20 build/startup_stm32h750xx.o

.debug_line     0x0000000000000000     0xd5eb
 .debug_line    0x0000000000000000      0x426 build/main.o
 .debug_line    0x0000000000000426      0x177 build/stm32h7xx_it.o
 .debug_line    0x000000000000059d      0x26f build/stm32h7xx_hal_msp.o
 .debug_line    0x000000000000080c      0x7d7 build/stm32h7xx_hal_cortex.o
 .debug_line    0x0000000000000fe3     0x657e build/stm32h7xx_hal_uart.o
 .debug_line    0x0000000000007561      0xc7f build/stm32h7xx_hal_uart_ex.o
 .debug_line    0x00000000000081e0     0x117f build/stm32h7xx_hal_rcc.o
 .debug_line    0x000000000000935f     0x1d08 build/stm32h7xx_hal_rcc_ex.o
 .debug_line    0x000000000000b067      0x66f build/stm32h7xx_hal_gpio.o
 .debug_line    0x000000000000b6d6      0xa1b build/stm32h7xx_hal_pwr_ex.o
 .debug_line    0x000000000000c0f1      0x866 build/stm32h7xx_hal.o
 .debug_line    0x000000000000c957      0x3c1 build/system_stm32h7xx.o
 .debug_line    0x000000000000cd18       0x76 build/startup_stm32h750xx.o
 .debug_line    0x000000000000cd8e      0x13b /usr/lib/gcc/arm-none-eabi/12.1.0/../../../../arm-none-eabi/lib/thumb/v7e-m+dp/hard/libc_nano.a(lib_a-init.o)
 .debug_line    0x000000000000cec9      0x129 /usr/lib/gcc/arm-none-eabi/12.1.0/../../../../arm-none-eabi/lib/thumb/v7e-m+dp/hard/libc_nano.a(lib_a-memset.o)
 .debug_line    0x000000000000cff2       0x4e /usr/lib/gcc/arm-none-eabi/12.1.0/thumb/v7e-m+dp/hard/libgcc.a(_aeabi_uldivmod.o)
 .debug_line    0x000000000000d040      0x561 /usr/lib/gcc/arm-none-eabi/12.1.0/thumb/v7e-m+dp/hard/libgcc.a(_udivmoddi4.o)
 .debug_line    0x000000000000d5a1       0x4a /usr/lib/gcc/arm-none-eabi/12.1.0/thumb/v7e-m+dp/hard/libgcc.a(_dvmd_tls.o)

.debug_str      0x0000000000000000     0x493d
 .debug_str     0x0000000000000000      0xca4 build/main.o
                                        0xd7a (size before relaxing)
 .debug_str     0x0000000000000ca4       0xb4 build/stm32h7xx_it.o
                                        0x233 (size before relaxing)
 .debug_str     0x0000000000000d58      0x3b8 build/stm32h7xx_hal_msp.o
                                        0xdcb (size before relaxing)
 .debug_str     0x0000000000001110      0xdd4 build/stm32h7xx_hal_cortex.o
                                       0x104b (size before relaxing)
 .debug_str     0x0000000000001ee4      0xa89 build/stm32h7xx_hal_uart.o
                                       0x147f (size before relaxing)
 .debug_str     0x000000000000296d      0x22c build/stm32h7xx_hal_uart_ex.o
                                        0xb59 (size before relaxing)
 .debug_str     0x0000000000002b99      0x342 build/stm32h7xx_hal_rcc.o
                                        0xa0e (size before relaxing)
 .debug_str     0x0000000000002edb      0x578 build/stm32h7xx_hal_rcc_ex.o
                                        0xef0 (size before relaxing)
 .debug_str     0x0000000000003453       0xd6 build/stm32h7xx_hal_gpio.o
                                        0x6c8 (size before relaxing)
 .debug_str     0x0000000000003529      0x54a build/stm32h7xx_hal_pwr_ex.o
                                        0xa3d (size before relaxing)
 .debug_str     0x0000000000003a73      0x61b build/stm32h7xx_hal.o
                                       0x14bd (size before relaxing)
 .debug_str     0x000000000000408e       0x3d build/system_stm32h7xx.o
                                        0x723 (size before relaxing)
 .debug_str     0x00000000000040cb       0x22 build/startup_stm32h750xx.o
                                         0x6d (size before relaxing)
 .debug_str     0x00000000000040ed      0x198 /usr/lib/gcc/arm-none-eabi/12.1.0/../../../../arm-none-eabi/lib/thumb/v7e-m+dp/hard/libc_nano.a(lib_a-init.o)
                                        0x233 (size before relaxing)
 .debug_str     0x0000000000004285       0xaa /usr/lib/gcc/arm-none-eabi/12.1.0/../../../../arm-none-eabi/lib/thumb/v7e-m+dp/hard/libc_nano.a(lib_a-memset.o)
                                        0x1d4 (size before relaxing)
 .debug_str     0x000000000000432f       0x58 /usr/lib/gcc/arm-none-eabi/12.1.0/thumb/v7e-m+dp/hard/libgcc.a(_aeabi_uldivmod.o)
                                         0x64 (size before relaxing)
 .debug_str     0x0000000000004387      0x5aa /usr/lib/gcc/arm-none-eabi/12.1.0/thumb/v7e-m+dp/hard/libgcc.a(_udivmoddi4.o)
                                        0x6aa (size before relaxing)
 .debug_str     0x0000000000004931        0xc /usr/lib/gcc/arm-none-eabi/12.1.0/thumb/v7e-m+dp/hard/libgcc.a(_dvmd_tls.o)
                                         0x68 (size before relaxing)

.comment        0x0000000000000000       0x3c
 .comment       0x0000000000000000       0x1e build/main.o
                                         0x1f (size before relaxing)
 .comment       0x000000000000001e       0x1f build/stm32h7xx_it.o
 .comment       0x000000000000001e       0x1f build/stm32h7xx_hal_msp.o
 .comment       0x000000000000001e       0x1f build/stm32h7xx_hal_cortex.o
 .comment       0x000000000000001e       0x1f build/stm32h7xx_hal_uart.o
 .comment       0x000000000000001e       0x1f build/stm32h7xx_hal_uart_ex.o
 .comment       0x000000000000001e       0x1f build/stm32h7xx_hal_rcc.o
 .comment       0x000000000000001e       0x1f build/stm32h7xx_hal_rcc_ex.o
 .comment       0x000000000000001e       0x1f build/stm32h7xx_hal_gpio.o
 .comment       0x000000000000001e       0x1f build/stm32h7xx_hal_pwr_ex.o
 .comment       0x000000000000001e       0x1f build/stm32h7xx_hal.o
 .comment       0x000000000000001e       0x1f build/system_stm32h7xx.o
 .comment       0x000000000000001e       0x1e /usr/lib/gcc/arm-none-eabi/12.1.0/../../../../arm-none-eabi/lib/thumb/v7e-m+dp/hard/libc_nano.a(lib_a-init.o)
                                         0x1f (size before relaxing)
 .comment       0x000000000000003c       0x1f /usr/lib/gcc/arm-none-eabi/12.1.0/../../../../arm-none-eabi/lib/thumb/v7e-m+dp/hard/libc_nano.a(lib_a-memset.o)
 .comment       0x000000000000003c       0x1f /usr/lib/gcc/arm-none-eabi/12.1.0/thumb/v7e-m+dp/hard/libgcc.a(_udivmoddi4.o)

.debug_frame    0x0000000000000000     0x1804
 .debug_frame   0x0000000000000000       0x94 build/main.o
 .debug_frame   0x0000000000000094       0xa8 build/stm32h7xx_it.o
 .debug_frame   0x000000000000013c       0x64 build/stm32h7xx_hal_msp.o
 .debug_frame   0x00000000000001a0      0x1f4 build/stm32h7xx_hal_cortex.o
 .debug_frame   0x0000000000000394      0x688 build/stm32h7xx_hal_uart.o
 .debug_frame   0x0000000000000a1c      0x1c8 build/stm32h7xx_hal_uart_ex.o
 .debug_frame   0x0000000000000be4      0x18c build/stm32h7xx_hal_rcc.o
 .debug_frame   0x0000000000000d70      0x284 build/stm32h7xx_hal_rcc_ex.o
 .debug_frame   0x0000000000000ff4       0xd4 build/stm32h7xx_hal_gpio.o
 .debug_frame   0x00000000000010c8      0x2f4 build/stm32h7xx_hal_pwr_ex.o
 .debug_frame   0x00000000000013bc      0x360 build/stm32h7xx_hal.o
 .debug_frame   0x000000000000171c       0x3c build/system_stm32h7xx.o
 .debug_frame   0x0000000000001758       0x2c /usr/lib/gcc/arm-none-eabi/12.1.0/../../../../arm-none-eabi/lib/thumb/v7e-m+dp/hard/libc_nano.a(lib_a-init.o)
 .debug_frame   0x0000000000001784       0x20 /usr/lib/gcc/arm-none-eabi/12.1.0/../../../../arm-none-eabi/lib/thumb/v7e-m+dp/hard/libc_nano.a(lib_a-memset.o)
 .debug_frame   0x00000000000017a4       0x2c /usr/lib/gcc/arm-none-eabi/12.1.0/thumb/v7e-m+dp/hard/libgcc.a(_aeabi_uldivmod.o)
 .debug_frame   0x00000000000017d0       0x34 /usr/lib/gcc/arm-none-eabi/12.1.0/thumb/v7e-m+dp/hard/libgcc.a(_udivmoddi4.o)

.debug_loclists
                0x0000000000000000      0x7f3
 .debug_loclists
                0x0000000000000000       0x44 /usr/lib/gcc/arm-none-eabi/12.1.0/../../../../arm-none-eabi/lib/thumb/v7e-m+dp/hard/libc_nano.a(lib_a-init.o)
 .debug_loclists
                0x0000000000000044       0x47 /usr/lib/gcc/arm-none-eabi/12.1.0/../../../../arm-none-eabi/lib/thumb/v7e-m+dp/hard/libc_nano.a(lib_a-memset.o)
 .debug_loclists
                0x000000000000008b      0x768 /usr/lib/gcc/arm-none-eabi/12.1.0/thumb/v7e-m+dp/hard/libgcc.a(_udivmoddi4.o)

.debug_rnglists
                0x0000000000000000       0x93
 .debug_rnglists
                0x0000000000000000       0x13 /usr/lib/gcc/arm-none-eabi/12.1.0/../../../../arm-none-eabi/lib/thumb/v7e-m+dp/hard/libc_nano.a(lib_a-init.o)
 .debug_rnglists
                0x0000000000000013       0x13 /usr/lib/gcc/arm-none-eabi/12.1.0/../../../../arm-none-eabi/lib/thumb/v7e-m+dp/hard/libc_nano.a(lib_a-memset.o)
 .debug_rnglists
                0x0000000000000026       0x6d /usr/lib/gcc/arm-none-eabi/12.1.0/thumb/v7e-m+dp/hard/libgcc.a(_udivmoddi4.o)

.debug_line_str
                0x0000000000000000       0x4e
 .debug_line_str
                0x0000000000000000       0x42 /usr/lib/gcc/arm-none-eabi/12.1.0/thumb/v7e-m+dp/hard/libgcc.a(_aeabi_uldivmod.o)
                                         0x84 (size before relaxing)
 .debug_line_str
                0x0000000000000042        0xc /usr/lib/gcc/arm-none-eabi/12.1.0/thumb/v7e-m+dp/hard/libgcc.a(_dvmd_tls.o)
                                         0x8c (size before relaxing)

Cross Reference Table

Symbol                                            File
ADC3_IRQHandler                                   build/startup_stm32h750xx.o
ADC_IRQHandler                                    build/startup_stm32h750xx.o
BDMA_Channel0_IRQHandler                          build/startup_stm32h750xx.o
BDMA_Channel1_IRQHandler                          build/startup_stm32h750xx.o
BDMA_Channel2_IRQHandler                          build/startup_stm32h750xx.o
BDMA_Channel3_IRQHandler                          build/startup_stm32h750xx.o
BDMA_Channel4_IRQHandler                          build/startup_stm32h750xx.o
BDMA_Channel5_IRQHandler                          build/startup_stm32h750xx.o
BDMA_Channel6_IRQHandler                          build/startup_stm32h750xx.o
BDMA_Channel7_IRQHandler                          build/startup_stm32h750xx.o
BusFault_Handler                                  build/stm32h7xx_it.o
CEC_IRQHandler                                    build/startup_stm32h750xx.o
COMP1_IRQHandler                                  build/startup_stm32h750xx.o
CRS_IRQHandler                                    build/startup_stm32h750xx.o
CRYP_IRQHandler                                   build/startup_stm32h750xx.o
D1CorePrescTable                                  build/system_stm32h7xx.o
                                                  build/stm32h7xx_hal.o
                                                  build/stm32h7xx_hal_rcc_ex.o
                                                  build/stm32h7xx_hal_rcc.o
DCMI_IRQHandler                                   build/startup_stm32h750xx.o
DFSDM1_FLT0_IRQHandler                            build/startup_stm32h750xx.o
DFSDM1_FLT1_IRQHandler                            build/startup_stm32h750xx.o
DFSDM1_FLT2_IRQHandler                            build/startup_stm32h750xx.o
DFSDM1_FLT3_IRQHandler                            build/startup_stm32h750xx.o
DMA1_Stream0_IRQHandler                           build/startup_stm32h750xx.o
DMA1_Stream1_IRQHandler                           build/startup_stm32h750xx.o
DMA1_Stream2_IRQHandler                           build/startup_stm32h750xx.o
DMA1_Stream3_IRQHandler                           build/startup_stm32h750xx.o
DMA1_Stream4_IRQHandler                           build/startup_stm32h750xx.o
DMA1_Stream5_IRQHandler                           build/startup_stm32h750xx.o
DMA1_Stream6_IRQHandler                           build/startup_stm32h750xx.o
DMA1_Stream7_IRQHandler                           build/startup_stm32h750xx.o
DMA2D_IRQHandler                                  build/startup_stm32h750xx.o
DMA2_Stream0_IRQHandler                           build/startup_stm32h750xx.o
DMA2_Stream1_IRQHandler                           build/startup_stm32h750xx.o
DMA2_Stream2_IRQHandler                           build/startup_stm32h750xx.o
DMA2_Stream3_IRQHandler                           build/startup_stm32h750xx.o
DMA2_Stream4_IRQHandler                           build/startup_stm32h750xx.o
DMA2_Stream5_IRQHandler                           build/startup_stm32h750xx.o
DMA2_Stream6_IRQHandler                           build/startup_stm32h750xx.o
DMA2_Stream7_IRQHandler                           build/startup_stm32h750xx.o
DMAMUX1_OVR_IRQHandler                            build/startup_stm32h750xx.o
DMAMUX2_OVR_IRQHandler                            build/startup_stm32h750xx.o
DebugMon_Handler                                  build/stm32h7xx_it.o
Default_Handler                                   build/startup_stm32h750xx.o
ECC_IRQHandler                                    build/startup_stm32h750xx.o
ETH_IRQHandler                                    build/startup_stm32h750xx.o
ETH_WKUP_IRQHandler                               build/startup_stm32h750xx.o
EXTI0_IRQHandler                                  build/startup_stm32h750xx.o
EXTI15_10_IRQHandler                              build/startup_stm32h750xx.o
EXTI1_IRQHandler                                  build/startup_stm32h750xx.o
EXTI2_IRQHandler                                  build/startup_stm32h750xx.o
EXTI3_IRQHandler                                  build/startup_stm32h750xx.o
EXTI4_IRQHandler                                  build/startup_stm32h750xx.o
EXTI9_5_IRQHandler                                build/startup_stm32h750xx.o
Error_Handler                                     build/main.o
                                                  build/stm32h7xx_hal_msp.o
FDCAN1_IT0_IRQHandler                             build/startup_stm32h750xx.o
FDCAN1_IT1_IRQHandler                             build/startup_stm32h750xx.o
FDCAN2_IT0_IRQHandler                             build/startup_stm32h750xx.o
FDCAN2_IT1_IRQHandler                             build/startup_stm32h750xx.o
FDCAN_CAL_IRQHandler                              build/startup_stm32h750xx.o
FLASH_CRC_WaitForLastOperation                    build/stm32h7xx_hal_flash.o
                                                  build/stm32h7xx_hal_flash_ex.o
FLASH_Erase_Sector                                build/stm32h7xx_hal_flash_ex.o
                                                  build/stm32h7xx_hal_flash.o
FLASH_IRQHandler                                  build/startup_stm32h750xx.o
FLASH_OB_WaitForLastOperation                     build/stm32h7xx_hal_flash.o
                                                  build/stm32h7xx_hal_flash_ex.o
FLASH_WaitForLastOperation                        build/stm32h7xx_hal_flash.o
                                                  build/stm32h7xx_hal_flash_ex.o
FMC_IRQHandler                                    build/startup_stm32h750xx.o
FPU_IRQHandler                                    build/startup_stm32h750xx.o
HAL_DBGMCU_DisableDBGSleepMode                    build/stm32h7xx_hal.o
HAL_DBGMCU_DisableDBGStandbyMode                  build/stm32h7xx_hal.o
HAL_DBGMCU_DisableDBGStopMode                     build/stm32h7xx_hal.o
HAL_DBGMCU_EnableDBGSleepMode                     build/stm32h7xx_hal.o
HAL_DBGMCU_EnableDBGStandbyMode                   build/stm32h7xx_hal.o
HAL_DBGMCU_EnableDBGStopMode                      build/stm32h7xx_hal.o
HAL_DMAEx_ChangeMemory                            build/stm32h7xx_hal_dma_ex.o
HAL_DMAEx_ConfigMuxRequestGenerator               build/stm32h7xx_hal_dma_ex.o
HAL_DMAEx_ConfigMuxSync                           build/stm32h7xx_hal_dma_ex.o
HAL_DMAEx_DisableMuxRequestGenerator              build/stm32h7xx_hal_dma_ex.o
HAL_DMAEx_EnableMuxRequestGenerator               build/stm32h7xx_hal_dma_ex.o
HAL_DMAEx_MUX_IRQHandler                          build/stm32h7xx_hal_dma_ex.o
HAL_DMAEx_MultiBufferStart                        build/stm32h7xx_hal_dma_ex.o
HAL_DMAEx_MultiBufferStart_IT                     build/stm32h7xx_hal_dma_ex.o
HAL_DMA_Abort                                     build/stm32h7xx_hal_dma.o
                                                  build/stm32h7xx_hal_uart.o
HAL_DMA_Abort_IT                                  build/stm32h7xx_hal_dma.o
                                                  build/stm32h7xx_hal_i2c.o
                                                  build/stm32h7xx_hal_uart.o
HAL_DMA_DeInit                                    build/stm32h7xx_hal_dma.o
HAL_DMA_GetError                                  build/stm32h7xx_hal_dma.o
                                                  build/stm32h7xx_hal_i2c.o
                                                  build/stm32h7xx_hal_uart.o
HAL_DMA_GetState                                  build/stm32h7xx_hal_dma.o
                                                  build/stm32h7xx_hal_i2c.o
HAL_DMA_IRQHandler                                build/stm32h7xx_hal_dma.o
HAL_DMA_Init                                      build/stm32h7xx_hal_dma.o
HAL_DMA_PollForTransfer                           build/stm32h7xx_hal_dma.o
HAL_DMA_RegisterCallback                          build/stm32h7xx_hal_dma.o
HAL_DMA_Start                                     build/stm32h7xx_hal_dma.o
HAL_DMA_Start_IT                                  build/stm32h7xx_hal_dma.o
                                                  build/stm32h7xx_hal_i2c.o
                                                  build/stm32h7xx_hal_uart.o
HAL_DMA_UnRegisterCallback                        build/stm32h7xx_hal_dma.o
HAL_DeInit                                        build/stm32h7xx_hal.o
HAL_Delay                                         build/stm32h7xx_hal.o
                                                  build/main.o
HAL_DisableCompensationCell                       build/stm32h7xx_hal.o
HAL_EXTI_ClearConfigLine                          build/stm32h7xx_hal_exti.o
HAL_EXTI_ClearPending                             build/stm32h7xx_hal_exti.o
HAL_EXTI_D1_ClearFlag                             build/stm32h7xx_hal.o
HAL_EXTI_D1_EventInputConfig                      build/stm32h7xx_hal.o
HAL_EXTI_D3_EventInputConfig                      build/stm32h7xx_hal.o
HAL_EXTI_EdgeConfig                               build/stm32h7xx_hal.o
HAL_EXTI_GenerateSWI                              build/stm32h7xx_hal_exti.o
HAL_EXTI_GenerateSWInterrupt                      build/stm32h7xx_hal.o
HAL_EXTI_GetConfigLine                            build/stm32h7xx_hal_exti.o
HAL_EXTI_GetHandle                                build/stm32h7xx_hal_exti.o
HAL_EXTI_GetPending                               build/stm32h7xx_hal_exti.o
HAL_EXTI_IRQHandler                               build/stm32h7xx_hal_exti.o
HAL_EXTI_RegisterCallback                         build/stm32h7xx_hal_exti.o
HAL_EXTI_SetConfigLine                            build/stm32h7xx_hal_exti.o
HAL_EnableCompensationCell                        build/stm32h7xx_hal.o
HAL_FLASHEx_ComputeCRC                            build/stm32h7xx_hal_flash_ex.o
HAL_FLASHEx_Erase                                 build/stm32h7xx_hal_flash_ex.o
HAL_FLASHEx_Erase_IT                              build/stm32h7xx_hal_flash_ex.o
HAL_FLASHEx_Lock_Bank1                            build/stm32h7xx_hal_flash_ex.o
HAL_FLASHEx_OBGetConfig                           build/stm32h7xx_hal_flash_ex.o
HAL_FLASHEx_OBProgram                             build/stm32h7xx_hal_flash_ex.o
HAL_FLASHEx_Unlock_Bank1                          build/stm32h7xx_hal_flash_ex.o
HAL_FLASH_EndOfOperationCallback                  build/stm32h7xx_hal_flash.o
HAL_FLASH_GetError                                build/stm32h7xx_hal_flash.o
HAL_FLASH_IRQHandler                              build/stm32h7xx_hal_flash.o
HAL_FLASH_Lock                                    build/stm32h7xx_hal_flash.o
HAL_FLASH_OB_Launch                               build/stm32h7xx_hal_flash.o
HAL_FLASH_OB_Lock                                 build/stm32h7xx_hal_flash.o
HAL_FLASH_OB_Unlock                               build/stm32h7xx_hal_flash.o
HAL_FLASH_OperationErrorCallback                  build/stm32h7xx_hal_flash.o
HAL_FLASH_Program                                 build/stm32h7xx_hal_flash.o
HAL_FLASH_Program_IT                              build/stm32h7xx_hal_flash.o
HAL_FLASH_Unlock                                  build/stm32h7xx_hal_flash.o
HAL_GPIO_DeInit                                   build/stm32h7xx_hal_gpio.o
                                                  build/stm32h7xx_hal_msp.o
HAL_GPIO_EXTI_Callback                            build/stm32h7xx_hal_gpio.o
HAL_GPIO_EXTI_IRQHandler                          build/stm32h7xx_hal_gpio.o
HAL_GPIO_Init                                     build/stm32h7xx_hal_gpio.o
                                                  build/stm32h7xx_hal_rcc.o
                                                  build/stm32h7xx_hal_msp.o
                                                  build/main.o
HAL_GPIO_LockPin                                  build/stm32h7xx_hal_gpio.o
HAL_GPIO_ReadPin                                  build/stm32h7xx_hal_gpio.o
HAL_GPIO_TogglePin                                build/stm32h7xx_hal_gpio.o
                                                  build/main.o
HAL_GPIO_WritePin                                 build/stm32h7xx_hal_gpio.o
                                                  build/main.o
HAL_GetCurrentCPUID                               build/stm32h7xx_hal_cortex.o
HAL_GetDEVID                                      build/stm32h7xx_hal.o
HAL_GetFMCMemorySwappingConfig                    build/stm32h7xx_hal.o
HAL_GetHalVersion                                 build/stm32h7xx_hal.o
HAL_GetREVID                                      build/stm32h7xx_hal.o
                                                  build/stm32h7xx_hal_rcc_ex.o
                                                  build/stm32h7xx_hal_rcc.o
HAL_GetTick                                       build/stm32h7xx_hal.o
                                                  build/stm32h7xx_hal_i2c.o
                                                  build/stm32h7xx_hal_pwr_ex.o
                                                  build/stm32h7xx_hal_mdma.o
                                                  build/stm32h7xx_hal_dma.o
                                                  build/stm32h7xx_hal_flash.o
                                                  build/stm32h7xx_hal_rcc_ex.o
                                                  build/stm32h7xx_hal_rcc.o
                                                  build/stm32h7xx_hal_uart_ex.o
                                                  build/stm32h7xx_hal_uart.o
HAL_GetTickFreq                                   build/stm32h7xx_hal.o
HAL_GetTickPrio                                   build/stm32h7xx_hal.o
HAL_GetUIDw0                                      build/stm32h7xx_hal.o
HAL_GetUIDw1                                      build/stm32h7xx_hal.o
HAL_GetUIDw2                                      build/stm32h7xx_hal.o
HAL_HSEM_ActivateNotification                     build/stm32h7xx_hal_hsem.o
HAL_HSEM_DeactivateNotification                   build/stm32h7xx_hal_hsem.o
HAL_HSEM_FastTake                                 build/stm32h7xx_hal_hsem.o
HAL_HSEM_FreeCallback                             build/stm32h7xx_hal_hsem.o
HAL_HSEM_GetClearKey                              build/stm32h7xx_hal_hsem.o
HAL_HSEM_IRQHandler                               build/stm32h7xx_hal_hsem.o
HAL_HSEM_IsSemTaken                               build/stm32h7xx_hal_hsem.o
HAL_HSEM_Release                                  build/stm32h7xx_hal_hsem.o
HAL_HSEM_ReleaseAll                               build/stm32h7xx_hal_hsem.o
HAL_HSEM_SetClearKey                              build/stm32h7xx_hal_hsem.o
HAL_HSEM_Take                                     build/stm32h7xx_hal_hsem.o
HAL_HalfDuplex_EnableReceiver                     build/stm32h7xx_hal_uart.o
HAL_HalfDuplex_EnableTransmitter                  build/stm32h7xx_hal_uart.o
HAL_HalfDuplex_Init                               build/stm32h7xx_hal_uart.o
HAL_I2CEx_ConfigAnalogFilter                      build/stm32h7xx_hal_i2c_ex.o
HAL_I2CEx_ConfigDigitalFilter                     build/stm32h7xx_hal_i2c_ex.o
HAL_I2CEx_DisableFastModePlus                     build/stm32h7xx_hal_i2c_ex.o
HAL_I2CEx_DisableWakeUp                           build/stm32h7xx_hal_i2c_ex.o
HAL_I2CEx_EnableFastModePlus                      build/stm32h7xx_hal_i2c_ex.o
HAL_I2CEx_EnableWakeUp                            build/stm32h7xx_hal_i2c_ex.o
HAL_I2C_AbortCpltCallback                         build/stm32h7xx_hal_i2c.o
HAL_I2C_AddrCallback                              build/stm32h7xx_hal_i2c.o
HAL_I2C_DeInit                                    build/stm32h7xx_hal_i2c.o
HAL_I2C_DisableListen_IT                          build/stm32h7xx_hal_i2c.o
HAL_I2C_ER_IRQHandler                             build/stm32h7xx_hal_i2c.o
HAL_I2C_EV_IRQHandler                             build/stm32h7xx_hal_i2c.o
HAL_I2C_EnableListen_IT                           build/stm32h7xx_hal_i2c.o
HAL_I2C_ErrorCallback                             build/stm32h7xx_hal_i2c.o
HAL_I2C_GetError                                  build/stm32h7xx_hal_i2c.o
HAL_I2C_GetMode                                   build/stm32h7xx_hal_i2c.o
HAL_I2C_GetState                                  build/stm32h7xx_hal_i2c.o
HAL_I2C_Init                                      build/stm32h7xx_hal_i2c.o
HAL_I2C_IsDeviceReady                             build/stm32h7xx_hal_i2c.o
HAL_I2C_ListenCpltCallback                        build/stm32h7xx_hal_i2c.o
HAL_I2C_MasterRxCpltCallback                      build/stm32h7xx_hal_i2c.o
HAL_I2C_MasterTxCpltCallback                      build/stm32h7xx_hal_i2c.o
HAL_I2C_Master_Abort_IT                           build/stm32h7xx_hal_i2c.o
HAL_I2C_Master_Receive                            build/stm32h7xx_hal_i2c.o
HAL_I2C_Master_Receive_DMA                        build/stm32h7xx_hal_i2c.o
HAL_I2C_Master_Receive_IT                         build/stm32h7xx_hal_i2c.o
HAL_I2C_Master_Seq_Receive_DMA                    build/stm32h7xx_hal_i2c.o
HAL_I2C_Master_Seq_Receive_IT                     build/stm32h7xx_hal_i2c.o
HAL_I2C_Master_Seq_Transmit_DMA                   build/stm32h7xx_hal_i2c.o
HAL_I2C_Master_Seq_Transmit_IT                    build/stm32h7xx_hal_i2c.o
HAL_I2C_Master_Transmit                           build/stm32h7xx_hal_i2c.o
HAL_I2C_Master_Transmit_DMA                       build/stm32h7xx_hal_i2c.o
HAL_I2C_Master_Transmit_IT                        build/stm32h7xx_hal_i2c.o
HAL_I2C_MemRxCpltCallback                         build/stm32h7xx_hal_i2c.o
HAL_I2C_MemTxCpltCallback                         build/stm32h7xx_hal_i2c.o
HAL_I2C_Mem_Read                                  build/stm32h7xx_hal_i2c.o
HAL_I2C_Mem_Read_DMA                              build/stm32h7xx_hal_i2c.o
HAL_I2C_Mem_Read_IT                               build/stm32h7xx_hal_i2c.o
HAL_I2C_Mem_Write                                 build/stm32h7xx_hal_i2c.o
HAL_I2C_Mem_Write_DMA                             build/stm32h7xx_hal_i2c.o
HAL_I2C_Mem_Write_IT                              build/stm32h7xx_hal_i2c.o
HAL_I2C_MspDeInit                                 build/stm32h7xx_hal_i2c.o
HAL_I2C_MspInit                                   build/stm32h7xx_hal_i2c.o
HAL_I2C_SlaveRxCpltCallback                       build/stm32h7xx_hal_i2c.o
HAL_I2C_SlaveTxCpltCallback                       build/stm32h7xx_hal_i2c.o
HAL_I2C_Slave_Receive                             build/stm32h7xx_hal_i2c.o
HAL_I2C_Slave_Receive_DMA                         build/stm32h7xx_hal_i2c.o
HAL_I2C_Slave_Receive_IT                          build/stm32h7xx_hal_i2c.o
HAL_I2C_Slave_Seq_Receive_DMA                     build/stm32h7xx_hal_i2c.o
HAL_I2C_Slave_Seq_Receive_IT                      build/stm32h7xx_hal_i2c.o
HAL_I2C_Slave_Seq_Transmit_DMA                    build/stm32h7xx_hal_i2c.o
HAL_I2C_Slave_Seq_Transmit_IT                     build/stm32h7xx_hal_i2c.o
HAL_I2C_Slave_Transmit                            build/stm32h7xx_hal_i2c.o
HAL_I2C_Slave_Transmit_DMA                        build/stm32h7xx_hal_i2c.o
HAL_I2C_Slave_Transmit_IT                         build/stm32h7xx_hal_i2c.o
HAL_IncTick                                       build/stm32h7xx_hal.o
                                                  build/stm32h7xx_it.o
HAL_Init                                          build/stm32h7xx_hal.o
                                                  build/main.o
HAL_InitTick                                      build/stm32h7xx_hal.o
                                                  build/stm32h7xx_hal_rcc.o
HAL_LIN_Init                                      build/stm32h7xx_hal_uart.o
HAL_LIN_SendBreak                                 build/stm32h7xx_hal_uart.o
HAL_MDMA_Abort                                    build/stm32h7xx_hal_mdma.o
HAL_MDMA_Abort_IT                                 build/stm32h7xx_hal_mdma.o
HAL_MDMA_ConfigPostRequestMask                    build/stm32h7xx_hal_mdma.o
HAL_MDMA_DeInit                                   build/stm32h7xx_hal_mdma.o
HAL_MDMA_GenerateSWRequest                        build/stm32h7xx_hal_mdma.o
HAL_MDMA_GetError                                 build/stm32h7xx_hal_mdma.o
HAL_MDMA_GetState                                 build/stm32h7xx_hal_mdma.o
HAL_MDMA_IRQHandler                               build/stm32h7xx_hal_mdma.o
HAL_MDMA_Init                                     build/stm32h7xx_hal_mdma.o
HAL_MDMA_LinkedList_AddNode                       build/stm32h7xx_hal_mdma.o
HAL_MDMA_LinkedList_CreateNode                    build/stm32h7xx_hal_mdma.o
HAL_MDMA_LinkedList_DisableCircularMode           build/stm32h7xx_hal_mdma.o
HAL_MDMA_LinkedList_EnableCircularMode            build/stm32h7xx_hal_mdma.o
HAL_MDMA_LinkedList_RemoveNode                    build/stm32h7xx_hal_mdma.o
HAL_MDMA_PollForTransfer                          build/stm32h7xx_hal_mdma.o
HAL_MDMA_RegisterCallback                         build/stm32h7xx_hal_mdma.o
HAL_MDMA_Start                                    build/stm32h7xx_hal_mdma.o
HAL_MDMA_Start_IT                                 build/stm32h7xx_hal_mdma.o
HAL_MDMA_UnRegisterCallback                       build/stm32h7xx_hal_mdma.o
HAL_MPU_ConfigRegion                              build/stm32h7xx_hal_cortex.o
HAL_MPU_Disable                                   build/stm32h7xx_hal_cortex.o
HAL_MPU_Enable                                    build/stm32h7xx_hal_cortex.o
HAL_MspDeInit                                     build/stm32h7xx_hal.o
HAL_MspInit                                       build/stm32h7xx_hal_msp.o
HAL_MultiProcessorEx_AddressLength_Set            build/stm32h7xx_hal_uart_ex.o
HAL_MultiProcessor_DisableMuteMode                build/stm32h7xx_hal_uart.o
HAL_MultiProcessor_EnableMuteMode                 build/stm32h7xx_hal_uart.o
HAL_MultiProcessor_EnterMuteMode                  build/stm32h7xx_hal_uart.o
HAL_MultiProcessor_Init                           build/stm32h7xx_hal_uart.o
HAL_NVIC_ClearPendingIRQ                          build/stm32h7xx_hal_cortex.o
HAL_NVIC_DisableIRQ                               build/stm32h7xx_hal_cortex.o
HAL_NVIC_EnableIRQ                                build/stm32h7xx_hal_cortex.o
HAL_NVIC_GetActive                                build/stm32h7xx_hal_cortex.o
HAL_NVIC_GetPendingIRQ                            build/stm32h7xx_hal_cortex.o
HAL_NVIC_GetPriority                              build/stm32h7xx_hal_cortex.o
HAL_NVIC_GetPriorityGrouping                      build/stm32h7xx_hal_cortex.o
HAL_NVIC_SetPendingIRQ                            build/stm32h7xx_hal_cortex.o
HAL_NVIC_SetPriority                              build/stm32h7xx_hal_cortex.o
                                                  build/stm32h7xx_hal.o
HAL_NVIC_SetPriorityGrouping                      build/stm32h7xx_hal_cortex.o
                                                  build/stm32h7xx_hal.o
HAL_NVIC_SystemReset                              build/stm32h7xx_hal_cortex.o
HAL_PWREx_AVDCallback                             build/stm32h7xx_hal_pwr_ex.o
HAL_PWREx_ClearPendingEvent                       build/stm32h7xx_hal_pwr_ex.o
HAL_PWREx_ClearWakeupFlag                         build/stm32h7xx_hal_pwr_ex.o
HAL_PWREx_ConfigAVD                               build/stm32h7xx_hal_pwr_ex.o
HAL_PWREx_ConfigD3Domain                          build/stm32h7xx_hal_pwr_ex.o
HAL_PWREx_ConfigSupply                            build/stm32h7xx_hal_pwr_ex.o
                                                  build/main.o
HAL_PWREx_ControlStopModeVoltageScaling           build/stm32h7xx_hal_pwr_ex.o
HAL_PWREx_ControlVoltageScaling                   build/stm32h7xx_hal_pwr_ex.o
HAL_PWREx_DisableAVD                              build/stm32h7xx_hal_pwr_ex.o
HAL_PWREx_DisableBatteryCharging                  build/stm32h7xx_hal_pwr_ex.o
HAL_PWREx_DisableBkUpReg                          build/stm32h7xx_hal_pwr_ex.o
HAL_PWREx_DisableFlashPowerDown                   build/stm32h7xx_hal_pwr_ex.o
HAL_PWREx_DisableMonitoring                       build/stm32h7xx_hal_pwr_ex.o
HAL_PWREx_DisableUSBReg                           build/stm32h7xx_hal_pwr_ex.o
HAL_PWREx_DisableUSBVoltageDetector               build/stm32h7xx_hal_pwr_ex.o
HAL_PWREx_DisableWakeUpPin                        build/stm32h7xx_hal_pwr_ex.o
HAL_PWREx_EnableAVD                               build/stm32h7xx_hal_pwr_ex.o
HAL_PWREx_EnableBatteryCharging                   build/stm32h7xx_hal_pwr_ex.o
HAL_PWREx_EnableBkUpReg                           build/stm32h7xx_hal_pwr_ex.o
HAL_PWREx_EnableFlashPowerDown                    build/stm32h7xx_hal_pwr_ex.o
HAL_PWREx_EnableMonitoring                        build/stm32h7xx_hal_pwr_ex.o
HAL_PWREx_EnableUSBReg                            build/stm32h7xx_hal_pwr_ex.o
HAL_PWREx_EnableUSBVoltageDetector                build/stm32h7xx_hal_pwr_ex.o
HAL_PWREx_EnableWakeUpPin                         build/stm32h7xx_hal_pwr_ex.o
HAL_PWREx_EnterSTANDBYMode                        build/stm32h7xx_hal_pwr_ex.o
HAL_PWREx_EnterSTOPMode                           build/stm32h7xx_hal_pwr_ex.o
HAL_PWREx_GetStopModeVoltageRange                 build/stm32h7xx_hal_pwr_ex.o
HAL_PWREx_GetSupplyConfig                         build/stm32h7xx_hal_pwr_ex.o
HAL_PWREx_GetTemperatureLevel                     build/stm32h7xx_hal_pwr_ex.o
HAL_PWREx_GetVBATLevel                            build/stm32h7xx_hal_pwr_ex.o
HAL_PWREx_GetVoltageRange                         build/stm32h7xx_hal_pwr_ex.o
HAL_PWREx_GetWakeupFlag                           build/stm32h7xx_hal_pwr_ex.o
HAL_PWREx_PVD_AVD_IRQHandler                      build/stm32h7xx_hal_pwr_ex.o
HAL_PWREx_WAKEUP_PIN_IRQHandler                   build/stm32h7xx_hal_pwr_ex.o
HAL_PWREx_WKUP1_Callback                          build/stm32h7xx_hal_pwr_ex.o
HAL_PWREx_WKUP2_Callback                          build/stm32h7xx_hal_pwr_ex.o
HAL_PWREx_WKUP3_Callback                          build/stm32h7xx_hal_pwr_ex.o
HAL_PWREx_WKUP4_Callback                          build/stm32h7xx_hal_pwr_ex.o
HAL_PWREx_WKUP5_Callback                          build/stm32h7xx_hal_pwr_ex.o
HAL_PWREx_WKUP6_Callback                          build/stm32h7xx_hal_pwr_ex.o
HAL_PWR_ConfigPVD                                 build/stm32h7xx_hal_pwr.o
HAL_PWR_DeInit                                    build/stm32h7xx_hal_pwr.o
HAL_PWR_DisableBkUpAccess                         build/stm32h7xx_hal_pwr.o
HAL_PWR_DisablePVD                                build/stm32h7xx_hal_pwr.o
HAL_PWR_DisableSEVOnPend                          build/stm32h7xx_hal_pwr.o
HAL_PWR_DisableSleepOnExit                        build/stm32h7xx_hal_pwr.o
HAL_PWR_DisableWakeUpPin                          build/stm32h7xx_hal_pwr.o
HAL_PWR_EnableBkUpAccess                          build/stm32h7xx_hal_pwr.o
HAL_PWR_EnablePVD                                 build/stm32h7xx_hal_pwr.o
HAL_PWR_EnableSEVOnPend                           build/stm32h7xx_hal_pwr.o
HAL_PWR_EnableSleepOnExit                         build/stm32h7xx_hal_pwr.o
HAL_PWR_EnableWakeUpPin                           build/stm32h7xx_hal_pwr.o
HAL_PWR_EnterSLEEPMode                            build/stm32h7xx_hal_pwr.o
HAL_PWR_EnterSTANDBYMode                          build/stm32h7xx_hal_pwr.o
HAL_PWR_EnterSTOPMode                             build/stm32h7xx_hal_pwr.o
HAL_PWR_PVDCallback                               build/stm32h7xx_hal_pwr.o
                                                  build/stm32h7xx_hal_pwr_ex.o
HAL_PWR_PVD_IRQHandler                            build/stm32h7xx_hal_pwr.o
HAL_RCCEx_CRSConfig                               build/stm32h7xx_hal_rcc_ex.o
HAL_RCCEx_CRSGetSynchronizationInfo               build/stm32h7xx_hal_rcc_ex.o
HAL_RCCEx_CRSSoftwareSynchronizationGenerate      build/stm32h7xx_hal_rcc_ex.o
HAL_RCCEx_CRSWaitSynchronization                  build/stm32h7xx_hal_rcc_ex.o
HAL_RCCEx_CRS_ErrorCallback                       build/stm32h7xx_hal_rcc_ex.o
HAL_RCCEx_CRS_ExpectedSyncCallback                build/stm32h7xx_hal_rcc_ex.o
HAL_RCCEx_CRS_IRQHandler                          build/stm32h7xx_hal_rcc_ex.o
HAL_RCCEx_CRS_SyncOkCallback                      build/stm32h7xx_hal_rcc_ex.o
HAL_RCCEx_CRS_SyncWarnCallback                    build/stm32h7xx_hal_rcc_ex.o
HAL_RCCEx_DisableLSECSS                           build/stm32h7xx_hal_rcc_ex.o
HAL_RCCEx_EnableLSECSS                            build/stm32h7xx_hal_rcc_ex.o
HAL_RCCEx_EnableLSECSS_IT                         build/stm32h7xx_hal_rcc_ex.o
HAL_RCCEx_GetD1PCLK1Freq                          build/stm32h7xx_hal_rcc_ex.o
HAL_RCCEx_GetD1SysClockFreq                       build/stm32h7xx_hal_rcc_ex.o
HAL_RCCEx_GetD3PCLK1Freq                          build/stm32h7xx_hal_rcc_ex.o
                                                  build/stm32h7xx_hal_uart.o
HAL_RCCEx_GetPLL1ClockFreq                        build/stm32h7xx_hal_rcc_ex.o
HAL_RCCEx_GetPLL2ClockFreq                        build/stm32h7xx_hal_rcc_ex.o
                                                  build/stm32h7xx_hal_uart.o
HAL_RCCEx_GetPLL3ClockFreq                        build/stm32h7xx_hal_rcc_ex.o
                                                  build/stm32h7xx_hal_uart.o
HAL_RCCEx_GetPeriphCLKConfig                      build/stm32h7xx_hal_rcc_ex.o
HAL_RCCEx_GetPeriphCLKFreq                        build/stm32h7xx_hal_rcc_ex.o
HAL_RCCEx_KerWakeUpStopCLKConfig                  build/stm32h7xx_hal_rcc_ex.o
HAL_RCCEx_LSECSS_Callback                         build/stm32h7xx_hal_rcc_ex.o
HAL_RCCEx_LSECSS_IRQHandler                       build/stm32h7xx_hal_rcc_ex.o
HAL_RCCEx_PeriphCLKConfig                         build/stm32h7xx_hal_rcc_ex.o
                                                  build/stm32h7xx_hal_msp.o
HAL_RCCEx_WWDGxSysResetConfig                     build/stm32h7xx_hal_rcc_ex.o
HAL_RCCEx_WakeUpStopCLKConfig                     build/stm32h7xx_hal_rcc_ex.o
HAL_RCC_CSSCallback                               build/stm32h7xx_hal_rcc.o
HAL_RCC_ClockConfig                               build/stm32h7xx_hal_rcc.o
                                                  build/main.o
HAL_RCC_DeInit                                    build/stm32h7xx_hal_rcc.o
HAL_RCC_DisableCSS                                build/stm32h7xx_hal_rcc.o
HAL_RCC_EnableCSS                                 build/stm32h7xx_hal_rcc.o
HAL_RCC_GetClockConfig                            build/stm32h7xx_hal_rcc.o
HAL_RCC_GetHCLKFreq                               build/stm32h7xx_hal_rcc.o
                                                  build/stm32h7xx_hal_rcc_ex.o
HAL_RCC_GetOscConfig                              build/stm32h7xx_hal_rcc.o
HAL_RCC_GetPCLK1Freq                              build/stm32h7xx_hal_rcc.o
                                                  build/stm32h7xx_hal_uart.o
HAL_RCC_GetPCLK2Freq                              build/stm32h7xx_hal_rcc.o
                                                  build/stm32h7xx_hal_uart.o
HAL_RCC_GetSysClockFreq                           build/stm32h7xx_hal_rcc.o
                                                  build/stm32h7xx_hal.o
                                                  build/stm32h7xx_hal_rcc_ex.o
HAL_RCC_MCOConfig                                 build/stm32h7xx_hal_rcc.o
HAL_RCC_NMI_IRQHandler                            build/stm32h7xx_hal_rcc.o
HAL_RCC_OscConfig                                 build/stm32h7xx_hal_rcc.o
                                                  build/main.o
HAL_RS485Ex_Init                                  build/stm32h7xx_hal_uart_ex.o
HAL_ResumeTick                                    build/stm32h7xx_hal.o
HAL_SYSCFG_AnalogSwitchConfig                     build/stm32h7xx_hal.o
HAL_SYSCFG_CM7BootAddConfig                       build/stm32h7xx_hal.o
HAL_SYSCFG_CompensationCodeConfig                 build/stm32h7xx_hal.o
HAL_SYSCFG_CompensationCodeSelect                 build/stm32h7xx_hal.o
HAL_SYSCFG_DisableBOOST                           build/stm32h7xx_hal.o
HAL_SYSCFG_DisableIOSpeedOptimize                 build/stm32h7xx_hal.o
HAL_SYSCFG_DisableVREFBUF                         build/stm32h7xx_hal.o
HAL_SYSCFG_ETHInterfaceSelect                     build/stm32h7xx_hal.o
HAL_SYSCFG_EnableBOOST                            build/stm32h7xx_hal.o
HAL_SYSCFG_EnableIOSpeedOptimize                  build/stm32h7xx_hal.o
HAL_SYSCFG_EnableVREFBUF                          build/stm32h7xx_hal.o
HAL_SYSCFG_VREFBUF_HighImpedanceConfig            build/stm32h7xx_hal.o
HAL_SYSCFG_VREFBUF_TrimmingConfig                 build/stm32h7xx_hal.o
HAL_SYSCFG_VREFBUF_VoltageScalingConfig           build/stm32h7xx_hal.o
HAL_SYSTICK_CLKSourceConfig                       build/stm32h7xx_hal_cortex.o
HAL_SYSTICK_Callback                              build/stm32h7xx_hal_cortex.o
HAL_SYSTICK_Config                                build/stm32h7xx_hal_cortex.o
                                                  build/stm32h7xx_hal.o
HAL_SYSTICK_IRQHandler                            build/stm32h7xx_hal_cortex.o
HAL_SetFMCMemorySwappingConfig                    build/stm32h7xx_hal.o
HAL_SetTickFreq                                   build/stm32h7xx_hal.o
HAL_SuspendTick                                   build/stm32h7xx_hal.o
HAL_UARTEx_DisableFifoMode                        build/stm32h7xx_hal_uart_ex.o
                                                  build/main.o
HAL_UARTEx_DisableStopMode                        build/stm32h7xx_hal_uart_ex.o
HAL_UARTEx_EnableFifoMode                         build/stm32h7xx_hal_uart_ex.o
HAL_UARTEx_EnableStopMode                         build/stm32h7xx_hal_uart_ex.o
HAL_UARTEx_ReceiveToIdle                          build/stm32h7xx_hal_uart_ex.o
HAL_UARTEx_ReceiveToIdle_DMA                      build/stm32h7xx_hal_uart_ex.o
HAL_UARTEx_ReceiveToIdle_IT                       build/stm32h7xx_hal_uart_ex.o
HAL_UARTEx_RxEventCallback                        build/stm32h7xx_hal_uart.o
HAL_UARTEx_RxFifoFullCallback                     build/stm32h7xx_hal_uart_ex.o
                                                  build/stm32h7xx_hal_uart.o
HAL_UARTEx_SetRxFifoThreshold                     build/stm32h7xx_hal_uart_ex.o
                                                  build/main.o
HAL_UARTEx_SetTxFifoThreshold                     build/stm32h7xx_hal_uart_ex.o
                                                  build/main.o
HAL_UARTEx_StopModeWakeUpSourceConfig             build/stm32h7xx_hal_uart_ex.o
HAL_UARTEx_TxFifoEmptyCallback                    build/stm32h7xx_hal_uart_ex.o
                                                  build/stm32h7xx_hal_uart.o
HAL_UARTEx_WakeupCallback                         build/stm32h7xx_hal_uart_ex.o
                                                  build/stm32h7xx_hal_uart.o
HAL_UART_Abort                                    build/stm32h7xx_hal_uart.o
HAL_UART_AbortCpltCallback                        build/stm32h7xx_hal_uart.o
HAL_UART_AbortReceive                             build/stm32h7xx_hal_uart.o
HAL_UART_AbortReceiveCpltCallback                 build/stm32h7xx_hal_uart.o
HAL_UART_AbortReceive_IT                          build/stm32h7xx_hal_uart.o
HAL_UART_AbortTransmit                            build/stm32h7xx_hal_uart.o
HAL_UART_AbortTransmitCpltCallback                build/stm32h7xx_hal_uart.o
HAL_UART_AbortTransmit_IT                         build/stm32h7xx_hal_uart.o
HAL_UART_Abort_IT                                 build/stm32h7xx_hal_uart.o
HAL_UART_DMAPause                                 build/stm32h7xx_hal_uart.o
HAL_UART_DMAResume                                build/stm32h7xx_hal_uart.o
HAL_UART_DMAStop                                  build/stm32h7xx_hal_uart.o
HAL_UART_DeInit                                   build/stm32h7xx_hal_uart.o
HAL_UART_DisableReceiverTimeout                   build/stm32h7xx_hal_uart.o
HAL_UART_EnableReceiverTimeout                    build/stm32h7xx_hal_uart.o
HAL_UART_ErrorCallback                            build/stm32h7xx_hal_uart.o
HAL_UART_GetError                                 build/stm32h7xx_hal_uart.o
HAL_UART_GetState                                 build/stm32h7xx_hal_uart.o
HAL_UART_IRQHandler                               build/stm32h7xx_hal_uart.o
HAL_UART_Init                                     build/stm32h7xx_hal_uart.o
                                                  build/main.o
HAL_UART_MspDeInit                                build/stm32h7xx_hal_msp.o
HAL_UART_MspInit                                  build/stm32h7xx_hal_msp.o
                                                  build/stm32h7xx_hal_uart_ex.o
HAL_UART_Receive                                  build/stm32h7xx_hal_uart.o
HAL_UART_Receive_DMA                              build/stm32h7xx_hal_uart.o
HAL_UART_Receive_IT                               build/stm32h7xx_hal_uart.o
HAL_UART_ReceiverTimeout_Config                   build/stm32h7xx_hal_uart.o
HAL_UART_RxCpltCallback                           build/stm32h7xx_hal_uart.o
HAL_UART_RxHalfCpltCallback                       build/stm32h7xx_hal_uart.o
HAL_UART_Transmit                                 build/stm32h7xx_hal_uart.o
HAL_UART_Transmit_DMA                             build/stm32h7xx_hal_uart.o
HAL_UART_Transmit_IT                              build/stm32h7xx_hal_uart.o
HAL_UART_TxCpltCallback                           build/stm32h7xx_hal_uart.o
HAL_UART_TxHalfCpltCallback                       build/stm32h7xx_hal_uart.o
HASH_RNG_IRQHandler                               build/startup_stm32h750xx.o
HRTIM1_FLT_IRQHandler                             build/startup_stm32h750xx.o
HRTIM1_Master_IRQHandler                          build/startup_stm32h750xx.o
HRTIM1_TIMA_IRQHandler                            build/startup_stm32h750xx.o
HRTIM1_TIMB_IRQHandler                            build/startup_stm32h750xx.o
HRTIM1_TIMC_IRQHandler                            build/startup_stm32h750xx.o
HRTIM1_TIMD_IRQHandler                            build/startup_stm32h750xx.o
HRTIM1_TIME_IRQHandler                            build/startup_stm32h750xx.o
HSEM1_IRQHandler                                  build/startup_stm32h750xx.o
HardFault_Handler                                 build/stm32h7xx_it.o
I2C1_ER_IRQHandler                                build/startup_stm32h750xx.o
I2C1_EV_IRQHandler                                build/startup_stm32h750xx.o
I2C2_ER_IRQHandler                                build/startup_stm32h750xx.o
I2C2_EV_IRQHandler                                build/startup_stm32h750xx.o
I2C3_ER_IRQHandler                                build/startup_stm32h750xx.o
I2C3_EV_IRQHandler                                build/startup_stm32h750xx.o
I2C4_ER_IRQHandler                                build/startup_stm32h750xx.o
I2C4_EV_IRQHandler                                build/startup_stm32h750xx.o
JPEG_IRQHandler                                   build/startup_stm32h750xx.o
LPTIM1_IRQHandler                                 build/startup_stm32h750xx.o
LPTIM2_IRQHandler                                 build/startup_stm32h750xx.o
LPTIM3_IRQHandler                                 build/startup_stm32h750xx.o
LPTIM4_IRQHandler                                 build/startup_stm32h750xx.o
LPTIM5_IRQHandler                                 build/startup_stm32h750xx.o
LPUART1_IRQHandler                                build/startup_stm32h750xx.o
LTDC_ER_IRQHandler                                build/startup_stm32h750xx.o
LTDC_IRQHandler                                   build/startup_stm32h750xx.o
MDIOS_IRQHandler                                  build/startup_stm32h750xx.o
MDIOS_WKUP_IRQHandler                             build/startup_stm32h750xx.o
MDMA_IRQHandler                                   build/startup_stm32h750xx.o
MemManage_Handler                                 build/stm32h7xx_it.o
NMI_Handler                                       build/stm32h7xx_it.o
OTG_FS_EP1_IN_IRQHandler                          build/startup_stm32h750xx.o
OTG_FS_EP1_OUT_IRQHandler                         build/startup_stm32h750xx.o
OTG_FS_IRQHandler                                 build/startup_stm32h750xx.o
OTG_FS_WKUP_IRQHandler                            build/startup_stm32h750xx.o
OTG_HS_EP1_IN_IRQHandler                          build/startup_stm32h750xx.o
OTG_HS_EP1_OUT_IRQHandler                         build/startup_stm32h750xx.o
OTG_HS_IRQHandler                                 build/startup_stm32h750xx.o
OTG_HS_WKUP_IRQHandler                            build/startup_stm32h750xx.o
PVD_AVD_IRQHandler                                build/startup_stm32h750xx.o
PendSV_Handler                                    build/stm32h7xx_it.o
QUADSPI_IRQHandler                                build/startup_stm32h750xx.o
RCC_IRQHandler                                    build/startup_stm32h750xx.o
RTC_Alarm_IRQHandler                              build/startup_stm32h750xx.o
RTC_WKUP_IRQHandler                               build/startup_stm32h750xx.o
Reset_Handler                                     build/startup_stm32h750xx.o
SAI1_IRQHandler                                   build/startup_stm32h750xx.o
SAI2_IRQHandler                                   build/startup_stm32h750xx.o
SAI3_IRQHandler                                   build/startup_stm32h750xx.o
SAI4_IRQHandler                                   build/startup_stm32h750xx.o
SDMMC1_IRQHandler                                 build/startup_stm32h750xx.o
SDMMC2_IRQHandler                                 build/startup_stm32h750xx.o
SPDIF_RX_IRQHandler                               build/startup_stm32h750xx.o
SPI1_IRQHandler                                   build/startup_stm32h750xx.o
SPI2_IRQHandler                                   build/startup_stm32h750xx.o
SPI3_IRQHandler                                   build/startup_stm32h750xx.o
SPI4_IRQHandler                                   build/startup_stm32h750xx.o
SPI5_IRQHandler                                   build/startup_stm32h750xx.o
SPI6_IRQHandler                                   build/startup_stm32h750xx.o
SVC_Handler                                       build/stm32h7xx_it.o
SWPMI1_IRQHandler                                 build/startup_stm32h750xx.o
SysTick_Handler                                   build/stm32h7xx_it.o
SystemClock_Config                                build/main.o
SystemCoreClock                                   build/system_stm32h7xx.o
                                                  build/stm32h7xx_hal.o
                                                  build/stm32h7xx_hal_mdma.o
                                                  build/stm32h7xx_hal_dma.o
                                                  build/stm32h7xx_hal_rcc_ex.o
                                                  build/stm32h7xx_hal_rcc.o
SystemCoreClockUpdate                             build/system_stm32h7xx.o
SystemD2Clock                                     build/system_stm32h7xx.o
                                                  build/stm32h7xx_hal.o
                                                  build/stm32h7xx_hal_rcc_ex.o
                                                  build/stm32h7xx_hal_rcc.o
SystemInit                                        build/system_stm32h7xx.o
                                                  build/startup_stm32h750xx.o
TAMP_STAMP_IRQHandler                             build/startup_stm32h750xx.o
TIM15_IRQHandler                                  build/startup_stm32h750xx.o
TIM16_IRQHandler                                  build/startup_stm32h750xx.o
TIM17_IRQHandler                                  build/startup_stm32h750xx.o
TIM1_BRK_IRQHandler                               build/startup_stm32h750xx.o
TIM1_CC_IRQHandler                                build/startup_stm32h750xx.o
TIM1_TRG_COM_IRQHandler                           build/startup_stm32h750xx.o
TIM1_UP_IRQHandler                                build/startup_stm32h750xx.o
TIM2_IRQHandler                                   build/startup_stm32h750xx.o
TIM3_IRQHandler                                   build/startup_stm32h750xx.o
TIM4_IRQHandler                                   build/startup_stm32h750xx.o
TIM5_IRQHandler                                   build/startup_stm32h750xx.o
TIM6_DAC_IRQHandler                               build/startup_stm32h750xx.o
TIM7_IRQHandler                                   build/startup_stm32h750xx.o
TIM8_BRK_TIM12_IRQHandler                         build/startup_stm32h750xx.o
TIM8_CC_IRQHandler                                build/startup_stm32h750xx.o
TIM8_TRG_COM_TIM14_IRQHandler                     build/startup_stm32h750xx.o
TIM8_UP_TIM13_IRQHandler                          build/startup_stm32h750xx.o
UART4_IRQHandler                                  build/startup_stm32h750xx.o
UART5_IRQHandler                                  build/startup_stm32h750xx.o
UART7_IRQHandler                                  build/startup_stm32h750xx.o
UART8_IRQHandler                                  build/startup_stm32h750xx.o
UARTPrescTable                                    build/stm32h7xx_hal_uart.o
UART_AdvFeatureConfig                             build/stm32h7xx_hal_uart.o
                                                  build/stm32h7xx_hal_uart_ex.o
UART_CheckIdleState                               build/stm32h7xx_hal_uart.o
                                                  build/stm32h7xx_hal_uart_ex.o
UART_SetConfig                                    build/stm32h7xx_hal_uart.o
                                                  build/stm32h7xx_hal_uart_ex.o
UART_Start_Receive_DMA                            build/stm32h7xx_hal_uart.o
                                                  build/stm32h7xx_hal_uart_ex.o
UART_Start_Receive_IT                             build/stm32h7xx_hal_uart.o
                                                  build/stm32h7xx_hal_uart_ex.o
UART_WaitOnFlagUntilTimeout                       build/stm32h7xx_hal_uart.o
                                                  build/stm32h7xx_hal_uart_ex.o
USART1_IRQHandler                                 build/startup_stm32h750xx.o
USART2_IRQHandler                                 build/startup_stm32h750xx.o
USART3_IRQHandler                                 build/startup_stm32h750xx.o
USART6_IRQHandler                                 build/startup_stm32h750xx.o
UsageFault_Handler                                build/stm32h7xx_it.o